<html>
<body>
<pre>
<h1>µVision Build Log</h1>
<h2>Tool Versions:</h2>
IDE-Version: µVision V5.26.2.0
Copyright (C) 2018 ARM Ltd and ARM Germany GmbH. All rights reserved.
License Information: Pablo Villa, UNIZAR, LIC=----
 
Tool Versions:
Toolchain:       MDK-Lite  Version: 5.26.2.0
Toolchain Path:  C:\Keil_v5\ARM\ARMCC\Bin
C Compiler:      Armcc.exe V5.06 update 6 (build 750)
Assembler:       Armasm.exe V5.06 update 6 (build 750)
Linker/Locator:  ArmLink.exe V5.06 update 6 (build 750)
Library Manager: ArmAr.exe V5.06 update 6 (build 750)
Hex Converter:   FromElf.exe V5.06 update 6 (build 750)
CPU DLL:         SARMCM3.DLL V5.26.2.0
Dialog DLL:      DCM.DLL V1.17.2.0
Target DLL:      Segger\JL2CM3.dll V2.99.31.0
Dialog DLL:      TCM.DLL V1.36.1.0
 
<h2>Project:</h2>
C:\Users\Pablo\Desktop\PH_5_874773_Pablo_Villa_870897_Alejandro_Lacosta\Entrega_Martes_p5\Codigo_P5_Pablo_Villa_Alejandro_Lacosta\Entrega_P5_Pablo_Villa_Alejandro_Lacosta\P5\nrf\keil\blink_nrf.uvprojx
Project File Date:  12/01/2025

<h2>Output:</h2>
*** Using Compiler 'V5.06 update 6 (build 750)', folder: 'C:\Keil_v5\ARM\ARMCC\Bin'
Rebuild Project 'blink_nrf' - Target 'nRF'
compiling drv_botones.c...
C:\Users\Pablo\Desktop\PH_5_874773_Pablo_Villa_870897_Alejandro_Lacosta\Entrega_Martes_p5\Codigo_P5_Pablo_Villa_Alejandro_Lacosta\Entrega_P5_Pablo_Villa_Alejandro_Lacosta\P5\src\drv_botones.c(56): warning:  #188-D: enumerated type mixed with another type
      s_evento_principal = ev_pulsar; // Guardamos el evento para usarlo en alarmas
C:\Users\Pablo\Desktop\PH_5_874773_Pablo_Villa_870897_Alejandro_Lacosta\Entrega_Martes_p5\Codigo_P5_Pablo_Villa_Alejandro_Lacosta\Entrega_P5_Pablo_Villa_Alejandro_Lacosta\P5\src\drv_botones.c(70): warning:  #167-D: argument of type "void (*)(uint32_t, uint32_t)" is incompatible with parameter of type "SVC_CALLBACK_T"
      svc_GE_suscribir(s_evento_principal, 0, drv_botones_cb);
..\..\src\drv_botones.c: 2 warnings, 0 errors
compiling drv_uart.c...
compiling svc_logs.c...
compiling main.c...
compiling test_fifo.c...
compiling rt_fifo.c...
compiling test_blinkv3.c...
compiling drv_consumo.c...
compiling drv_monitor.c...
compiling svc_alarmas.c...
compiling test_blinkv2.c...
compiling drv_tiempo.c...
compiling drv_leds.c...
compiling svc_alarmas_test.c...
compiling rt_GE.c...
compiling drv_botones_test.c...
compiling svc_GE.c...
compiling blink.c...
compiling drv_wdt.c...
compiling test_wdt.c...
compiling bit_counter_strike.c...
compiling beat_hero.c...
compiling test.c...
compiling beat_hero_extend.c...
assembling arm_startup_nrf52840.s...
compiling hal_gpio_nrf.c...
compiling hal_ext_int_nrf.c...
compiling hal_tiempo_nrf.c...
compiling hal_uart_nrf.c...
compiling hal_comsumo_nrf.c...
compiling hal_SC_nrf.c...
compiling hal_random_nrf.c...
compiling hal_dwt_nrf.c...
compiling system_nrf52.c...
linking...
Program Size: Code=11100 RO-data=620 RW-data=104 ZI-data=17856  
FromELF: creating hex file...
".\Objects\blink_nrf.axf" - 0 Error(s), 2 Warning(s).

<h2>Software Packages used:</h2>

Package Vendor: ARM
                http://www.keil.com/pack/ARM.CMSIS.5.4.0.pack
                ARM.CMSIS.5.4.0
                CMSIS (Cortex Microcontroller Software Interface Standard)
   * Component: CORE Version: 5.1.2

Package Vendor: NordicSemiconductor
                http://developer.nordicsemi.com/nRF5_SDK/pieces/nRF_DeviceFamilyPack/NordicSemiconductor.nRF_DeviceFamilyPack.8.44.1.pack
                NordicSemiconductor.nRF_DeviceFamilyPack.8.44.1
                Nordic Semiconductor nRF ARM devices Device Family Pack with BSD license.
   * Component: Startup Version: 8.44.1

<h2>Collection of Component include folders:</h2>
  .\RTE\_nRF
  C:\Keil_v5\ARM\PACK\ARM\CMSIS\5.4.0\CMSIS\Core\Include
  C:\Keil_v5\ARM\PACK\NordicSemiconductor\nRF_DeviceFamilyPack\8.44.1\Device\Include

<h2>Collection of Component Files used:</h2>

   * Component: ARM::CMSIS:CORE:5.1.2

   * Component: NordicSemiconductor::Device:Startup:8.44.1
      Source file:   Device\Source\arm\arm_startup_nrf52840.s
      Source file:   Device\Source\system_nrf52.c
      Include file:  Device\Include\system_nrf52840.h
      Include file:  Device\Include\system_nrf.h
Build Time Elapsed:  00:00:04
</pre>
</body>
</html>
