<html>
<body>
<pre>
<h1>µVision Build Log</h1>
<h2>Tool Versions:</h2>
IDE-Version: µVision V5.26.2.0
Copyright (C) 2018 ARM Ltd and ARM Germany GmbH. All rights reserved.
License Information: Pablo Villa, UNIZAR, LIC=----
 
Tool Versions:
Toolchain:       MDK-Lite  Version: 5.26.2.0
Toolchain Path:  C:\Keil_v5\ARM\ARMCC\Bin
C Compiler:      Armcc.exe V5.06 update 6 (build 750)
Assembler:       Armasm.exe V5.06 update 6 (build 750)
Linker/Locator:  ArmLink.exe V5.06 update 6 (build 750)
Library Manager: ArmAr.exe V5.06 update 6 (build 750)
Hex Converter:   FromElf.exe V5.06 update 6 (build 750)
CPU DLL:         SARM.DLL V5.26.2.0
Dialog DLL:      DARMP.DLL V1.53.0.0
Target DLL:      UL2ARM.DLL V1.74.10.0
Dialog DLL:      TARMP.DLL V1.53.0.0
 
<h2>Project:</h2>
C:\Users\Pablo\Desktop\P5-28\P5_Entrega_Final\P4(Integrado)\lpc\keil\blink_lpc.uvproj
Project File Date:  11/30/2025

<h2>Output:</h2>
*** Using Compiler 'V5.06 update 6 (build 750)', folder: 'C:\Keil_v5\ARM\ARMCC\Bin'
Rebuild Project 'blink_lpc' - Target 'LPC'
compiling drv_uart.c...
compiling test_fifo.c...
compiling beat_hero.c...
compiling test_blinkv2.c...
compiling main.c...
compiling svc_alarmas_test.c...
compiling test_wdt.c...
compiling svc_logs.c...
compiling drv_botones_test.c...
compiling drv_botones.c...
C:\Users\Pablo\Desktop\P5-28\P5_Entrega_Final\P4(Integrado)\src\drv_botones.c(56): warning:  #188-D: enumerated type mixed with another type
      s_evento_principal = ev_pulsar; // Guardamos el evento para usarlo en alarmas
C:\Users\Pablo\Desktop\P5-28\P5_Entrega_Final\P4(Integrado)\src\drv_botones.c(70): warning:  #167-D: argument of type "void (*)(uint32_t, uint32_t)" is incompatible with parameter of type "SVC_CALLBACK_T"
      svc_GE_suscribir(s_evento_principal, 0, drv_botones_cb);
..\..\src\drv_botones.c: 2 warnings, 0 errors
compiling drv_leds.c...
compiling test_blinkv3.c...
compiling bit_counter_strike.c...
compiling drv_tiempo.c...
compiling blink.c...
compiling drv_consumo.c...
compiling drv_monitor.c...
compiling drv_wtd.c...
compiling rt_fifo.c...
compiling rt_GE.c...
compiling svc_alarmas.c...
compiling svc_GE.c...
compiling hal_gpio_lpc.c...
compiling beat_hero_extend.c...
compiling hal_tiempo_lpc.c...
compiling hal_sc_lpc.c...
compiling hal_wdt_lpc.c...
compiling hal_ext_int_lpc.c...
compiling hal_consumo_lpc2105.c...
compiling hal_random_lpc.c...
compiling hal_uart_lpc.c...
assembling Startup.s...
linking...
Program Size: Code=17764 RO-data=268 RW-data=92 ZI-data=3716  
".\Objects\blink_lpc.axf" - 0 Error(s), 2 Warning(s).
Build Time Elapsed:  00:00:04
</pre>
</body>
</html>
