<!doctype html public "-//w3c//dtd html 4.0 transitional//en">
<html><head>
<title>Static Call Graph - [.\Objects\blink_lpc.axf]</title></head>
<body><HR>
<H1>Static Call Graph for image .\Objects\blink_lpc.axf</H1><HR>
<BR><P>#&#060CALLGRAPH&#062# ARM Linker, 5060750: Last Updated: Sun Nov 30 21:48:53 2025
<BR><P>
<H3>Maximum Stack Usage =        316 bytes + Unknown(Functions without stacksize, Cycles, Untraceable Function Pointers)</H3><H3>
Call chain for Maximum Stack Depth:</H3>
_printf_f &rArr; _printf_fp_dec &rArr; _printf_fp_dec_real &rArr; _fp_digits &rArr; _btod_etento &rArr; _btod_emul &rArr; _e2e
<P>
<H3>
Functions with no stack information
</H3><UL>
 <LI><a href="#[5]">Reset_Handler</a>
 <LI><a href="#[50]">__user_initial_stackheap</a>
 <LI><a href="#[bb]">switch_to_PLL</a>
 <LI><a href="#[6]">Undef_Handler</a>
 <LI><a href="#[7]">SWI_Handler</a>
 <LI><a href="#[8]">PAbt_Handler</a>
 <LI><a href="#[9]">DAbt_Handler</a>
 <LI><a href="#[a]">IRQ_Handler</a>
 <LI><a href="#[b]">FIQ_Handler</a>
</UL>
</UL>
<P>
<H3>
Mutually Recursive functions
</H3> <LI><a href="#[6]">Undef_Handler</a>&nbsp;&nbsp;&nbsp;&rArr;&nbsp;&nbsp;&nbsp;<a href="#[6]">Undef_Handler</a><BR>
 <LI><a href="#[7]">SWI_Handler</a>&nbsp;&nbsp;&nbsp;&rArr;&nbsp;&nbsp;&nbsp;<a href="#[7]">SWI_Handler</a><BR>
 <LI><a href="#[8]">PAbt_Handler</a>&nbsp;&nbsp;&nbsp;&rArr;&nbsp;&nbsp;&nbsp;<a href="#[8]">PAbt_Handler</a><BR>
 <LI><a href="#[9]">DAbt_Handler</a>&nbsp;&nbsp;&nbsp;&rArr;&nbsp;&nbsp;&nbsp;<a href="#[9]">DAbt_Handler</a><BR>
 <LI><a href="#[a]">IRQ_Handler</a>&nbsp;&nbsp;&nbsp;&rArr;&nbsp;&nbsp;&nbsp;<a href="#[a]">IRQ_Handler</a><BR>
 <LI><a href="#[b]">FIQ_Handler</a>&nbsp;&nbsp;&nbsp;&rArr;&nbsp;&nbsp;&nbsp;<a href="#[b]">FIQ_Handler</a><BR>
</UL>
<P>
<H3>
Function Pointers
</H3><UL>
 <LI><a href="#[9]">DAbt_Handler</a> from startup.o(RESET) referenced from startup.o(RESET)
 <LI><a href="#[13]">EINT0_ISR</a> from hal_ext_int_lpc.o(i.EINT0_ISR) referenced from hal_ext_int_lpc.o(i.hal_ext_int_iniciar)
 <LI><a href="#[14]">EINT1_ISR</a> from hal_ext_int_lpc.o(i.EINT1_ISR) referenced from hal_ext_int_lpc.o(i.hal_ext_int_iniciar)
 <LI><a href="#[15]">EINT2_ISR</a> from hal_ext_int_lpc.o(i.EINT2_ISR) referenced from hal_ext_int_lpc.o(i.hal_ext_int_iniciar)
 <LI><a href="#[b]">FIQ_Handler</a> from startup.o(RESET) referenced from startup.o(RESET)
 <LI><a href="#[a]">IRQ_Handler</a> from startup.o(RESET) referenced from startup.o(RESET)
 <LI><a href="#[8]">PAbt_Handler</a> from startup.o(RESET) referenced from startup.o(RESET)
 <LI><a href="#[5]">Reset_Handler</a> from startup.o(RESET) referenced from startup.o(RESET)
 <LI><a href="#[7]">SWI_Handler</a> from startup.o(RESET) referenced from startup.o(RESET)
 <LI><a href="#[17]">T0_ISR</a> from hal_tiempo_lpc.o(i.T0_ISR) referenced from hal_tiempo_lpc.o(i.hal_tiempo_reloj_periodico_tick)
 <LI><a href="#[16]">T1_ISR</a> from hal_tiempo_lpc.o(i.T1_ISR) referenced from hal_tiempo_lpc.o(i.hal_tiempo_iniciar_tick)
 <LI><a href="#[6]">Undef_Handler</a> from startup.o(RESET) referenced from startup.o(RESET)
 <LI><a href="#[1b]">__main</a> from __main.o(!!!main) referenced from startup.o(RESET)
 <LI><a href="#[f]">_printf_input_char</a> from _printf_char_common.o(.text) referenced from _printf_char_common.o(.text)
 <LI><a href="#[e]">_sputc</a> from _sputc.o(.text) referenced from noretval__2sprintf.o(.text)
 <LI><a href="#[11]">drv_botones_callback</a> from drv_botones.o(i.drv_botones_callback) referenced from drv_botones.o(i.drv_botones_iniciar)
 <LI><a href="#[12]">drv_botones_cb</a> from drv_botones.o(i.drv_botones_cb) referenced from drv_botones.o(i.drv_botones_iniciar)
 <LI><a href="#[10]">juego_fsm</a> from beat_hero_extend.o(i.juego_fsm) referenced from beat_hero_extend.o(i.beat_hero_extend_iniciar)
 <LI><a href="#[d]">main</a> from main.o(i.main) referenced from __rtentry2.o(.ARM.Collect$$rtentry$$0000000D)
 <LI><a href="#[18]">rt_FIFO_encolar</a> from rt_fifo.o(i.rt_FIFO_encolar) referenced from rt_ge.o(i.rt_GE_iniciar)
 <LI><a href="#[19]">rt_GE_actualizar</a> from rt_ge.o(i.rt_GE_actualizar) referenced from rt_ge.o(i.rt_GE_iniciar)
 <LI><a href="#[1a]">tick_handler</a> from svc_alarmas.o(i.tick_handler) referenced from svc_alarmas.o(i.svc_alarma_iniciar)
</UL>
<P>
<H3>
Global Symbols
</H3>
<P><STRONG><a name="[5]"></a>Reset_Handler</STRONG> (ARM, 0 bytes, Stack size unknown bytes, startup.o(RESET))
<BR>[Address Reference Count : 1]<UL><LI> startup.o(RESET)
</UL>
<P><STRONG><a name="[1b]"></a>__main</STRONG> (ARM, 8 bytes, Stack size 0 bytes, __main.o(!!!main))
<BR><BR>[Calls]<UL><LI><a href="#[1d]">&gt;&gt;</a>&nbsp;&nbsp;&nbsp;__rt_entry
<LI><a href="#[1c]">&gt;&gt;</a>&nbsp;&nbsp;&nbsp;__scatterload
</UL>

<P><STRONG><a name="[1c]"></a>__scatterload</STRONG> (ARM, 0 bytes, Stack size unknown bytes, __scatter.o(!!!scatter))
<BR><BR>[Called By]<UL><LI><a href="#[1b]">&gt;&gt;</a>&nbsp;&nbsp;&nbsp;__main
</UL>

<P><STRONG><a name="[1e]"></a>__scatterload_rt2</STRONG> (ARM, 52 bytes, Stack size unknown bytes, __scatter.o(!!!scatter), UNUSED)
<BR><BR>[Calls]<UL><LI><a href="#[1d]">&gt;&gt;</a>&nbsp;&nbsp;&nbsp;__rt_entry
</UL>

<P><STRONG><a name="[98]"></a>__scatterload_null</STRONG> (ARM, 0 bytes, Stack size unknown bytes, __scatter.o(!!!scatter), UNUSED)

<P><STRONG><a name="[1f]"></a>__scatterload_copy</STRONG> (ARM, 40 bytes, Stack size unknown bytes, __scatter_copy.o(!!handler_copy), UNUSED)
<BR><BR>[Calls]<UL><LI><a href="#[1f]">&gt;&gt;</a>&nbsp;&nbsp;&nbsp;__scatterload_copy
</UL>
<BR>[Called By]<UL><LI><a href="#[1f]">&gt;&gt;</a>&nbsp;&nbsp;&nbsp;__scatterload_copy
</UL>

<P><STRONG><a name="[99]"></a>__scatterload_zeroinit</STRONG> (ARM, 44 bytes, Stack size unknown bytes, __scatter_zi.o(!!handler_zi), UNUSED)

<P><STRONG><a name="[20]"></a>_printf_f</STRONG> (ARM, 0 bytes, Stack size unknown bytes, _printf_f.o(.ARM.Collect$$_printf_percent$$00000003))
<BR><BR>[Stack]<UL><LI>Max Depth = 316 + Unknown Stack Size
<LI>Call Chain = _printf_f &rArr; _printf_fp_dec &rArr; _printf_fp_dec_real &rArr; _fp_digits &rArr; _btod_etento &rArr; _btod_emul &rArr; _e2e
</UL>
<BR>[Calls]<UL><LI><a href="#[21]">&gt;&gt;</a>&nbsp;&nbsp;&nbsp;_printf_fp_dec
</UL>

<P><STRONG><a name="[41]"></a>_printf_percent</STRONG> (ARM, 0 bytes, Stack size unknown bytes, _printf_percent.o(.ARM.Collect$$_printf_percent$$00000000))
<BR><BR>[Called By]<UL><LI><a href="#[3e]">&gt;&gt;</a>&nbsp;&nbsp;&nbsp;__printf (via Veneer)
</UL>

<P><STRONG><a name="[22]"></a>_printf_d</STRONG> (ARM, 0 bytes, Stack size unknown bytes, _printf_d.o(.ARM.Collect$$_printf_percent$$00000009))
<BR><BR>[Stack]<UL><LI>Max Depth = 72 + Unknown Stack Size
<LI>Call Chain = _printf_d &rArr; _printf_int_dec &rArr; _printf_int_common
</UL>
<BR>[Calls]<UL><LI><a href="#[23]">&gt;&gt;</a>&nbsp;&nbsp;&nbsp;_printf_int_dec (via Veneer)
</UL>

<P><STRONG><a name="[24]"></a>_printf_s</STRONG> (ARM, 0 bytes, Stack size unknown bytes, _printf_s.o(.ARM.Collect$$_printf_percent$$00000014))
<BR><BR>[Stack]<UL><LI>Max Depth = 24 + Unknown Stack Size
<LI>Call Chain = _printf_s &rArr; _printf_string &rArr; _printf_cs_common &rArr; _printf_str
</UL>
<BR>[Calls]<UL><LI><a href="#[25]">&gt;&gt;</a>&nbsp;&nbsp;&nbsp;_printf_string (via Veneer)
</UL>

<P><STRONG><a name="[9a]"></a>_printf_percent_end</STRONG> (ARM, 0 bytes, Stack size unknown bytes, _printf_percent_end.o(.ARM.Collect$$_printf_percent$$00000017))

<P><STRONG><a name="[2d]"></a>__rt_lib_init</STRONG> (Thumb, 0 bytes, Stack size unknown bytes, libinit.o(.ARM.Collect$$libinit$$00000000))
<BR><BR>[Called By]<UL><LI><a href="#[2c]">&gt;&gt;</a>&nbsp;&nbsp;&nbsp;__rt_entry_li (via Veneer)
</UL>

<P><STRONG><a name="[9b]"></a>__rt_lib_init_fp_1</STRONG> (Thumb, 0 bytes, Stack size unknown bytes, libinit2.o(.ARM.Collect$$libinit$$00000002))

<P><STRONG><a name="[9c]"></a>__rt_lib_init_heap_1</STRONG> (Thumb, 0 bytes, Stack size unknown bytes, libinit2.o(.ARM.Collect$$libinit$$0000000A))

<P><STRONG><a name="[26]"></a>__rt_lib_init_lc_common</STRONG> (Thumb, 0 bytes, Stack size unknown bytes, libinit2.o(.ARM.Collect$$libinit$$0000000F))
<BR><BR>[Calls]<UL><LI><a href="#[27]">&gt;&gt;</a>&nbsp;&nbsp;&nbsp;__rt_locale (via Veneer)
</UL>

<P><STRONG><a name="[9d]"></a>__rt_lib_init_preinit_1</STRONG> (Thumb, 0 bytes, Stack size unknown bytes, libinit2.o(.ARM.Collect$$libinit$$00000004))

<P><STRONG><a name="[9e]"></a>__rt_lib_init_rand_1</STRONG> (Thumb, 0 bytes, Stack size unknown bytes, libinit2.o(.ARM.Collect$$libinit$$0000000E))

<P><STRONG><a name="[9f]"></a>__rt_lib_init_user_alloc_1</STRONG> (Thumb, 0 bytes, Stack size unknown bytes, libinit2.o(.ARM.Collect$$libinit$$0000000C))

<P><STRONG><a name="[a0]"></a>__rt_lib_init_lc_collate_1</STRONG> (Thumb, 0 bytes, Stack size unknown bytes, libinit2.o(.ARM.Collect$$libinit$$00000011))

<P><STRONG><a name="[a1]"></a>__rt_lib_init_lc_ctype_1</STRONG> (Thumb, 0 bytes, Stack size unknown bytes, libinit2.o(.ARM.Collect$$libinit$$00000013))

<P><STRONG><a name="[a2]"></a>__rt_lib_init_lc_monetary_1</STRONG> (Thumb, 0 bytes, Stack size unknown bytes, libinit2.o(.ARM.Collect$$libinit$$00000015))

<P><STRONG><a name="[28]"></a>__rt_lib_init_lc_numeric_2</STRONG> (Thumb, 0 bytes, Stack size unknown bytes, libinit2.o(.ARM.Collect$$libinit$$00000016))
<BR><BR>[Stack]<UL><LI>Max Depth = 12 + Unknown Stack Size
<LI>Call Chain = __rt_lib_init_lc_numeric_2 &rArr; _get_lc_numeric &rArr; strcmp
</UL>
<BR>[Calls]<UL><LI><a href="#[29]">&gt;&gt;</a>&nbsp;&nbsp;&nbsp;_get_lc_numeric (via Veneer)
</UL>

<P><STRONG><a name="[a3]"></a>__rt_lib_init_alloca_1</STRONG> (Thumb, 0 bytes, Stack size unknown bytes, libinit2.o(.ARM.Collect$$libinit$$0000002E))

<P><STRONG><a name="[a4]"></a>__rt_lib_init_argv_1</STRONG> (Thumb, 0 bytes, Stack size unknown bytes, libinit2.o(.ARM.Collect$$libinit$$0000002C))

<P><STRONG><a name="[a5]"></a>__rt_lib_init_atexit_1</STRONG> (Thumb, 0 bytes, Stack size unknown bytes, libinit2.o(.ARM.Collect$$libinit$$0000001B))

<P><STRONG><a name="[a6]"></a>__rt_lib_init_clock_1</STRONG> (Thumb, 0 bytes, Stack size unknown bytes, libinit2.o(.ARM.Collect$$libinit$$00000021))

<P><STRONG><a name="[a7]"></a>__rt_lib_init_cpp_1</STRONG> (Thumb, 0 bytes, Stack size unknown bytes, libinit2.o(.ARM.Collect$$libinit$$00000032))

<P><STRONG><a name="[a8]"></a>__rt_lib_init_exceptions_1</STRONG> (Thumb, 0 bytes, Stack size unknown bytes, libinit2.o(.ARM.Collect$$libinit$$00000030))

<P><STRONG><a name="[a9]"></a>__rt_lib_init_fp_trap_1</STRONG> (Thumb, 0 bytes, Stack size unknown bytes, libinit2.o(.ARM.Collect$$libinit$$0000001F))

<P><STRONG><a name="[aa]"></a>__rt_lib_init_getenv_1</STRONG> (Thumb, 0 bytes, Stack size unknown bytes, libinit2.o(.ARM.Collect$$libinit$$00000023))

<P><STRONG><a name="[ab]"></a>__rt_lib_init_lc_numeric_1</STRONG> (Thumb, 0 bytes, Stack size unknown bytes, libinit2.o(.ARM.Collect$$libinit$$00000017))

<P><STRONG><a name="[ac]"></a>__rt_lib_init_lc_time_1</STRONG> (Thumb, 0 bytes, Stack size unknown bytes, libinit2.o(.ARM.Collect$$libinit$$00000019))

<P><STRONG><a name="[ad]"></a>__rt_lib_init_return</STRONG> (Thumb, 0 bytes, Stack size unknown bytes, libinit2.o(.ARM.Collect$$libinit$$00000033))

<P><STRONG><a name="[ae]"></a>__rt_lib_init_signal_1</STRONG> (Thumb, 0 bytes, Stack size unknown bytes, libinit2.o(.ARM.Collect$$libinit$$0000001D))

<P><STRONG><a name="[af]"></a>__rt_lib_init_stdio_1</STRONG> (Thumb, 0 bytes, Stack size unknown bytes, libinit2.o(.ARM.Collect$$libinit$$00000025))

<P><STRONG><a name="[31]"></a>__rt_lib_shutdown</STRONG> (Thumb, 0 bytes, Stack size unknown bytes, libshutdown.o(.ARM.Collect$$libshutdown$$00000000))
<BR><BR>[Called By]<UL><LI><a href="#[30]">&gt;&gt;</a>&nbsp;&nbsp;&nbsp;__rt_exit_ls (via Veneer)
</UL>

<P><STRONG><a name="[b0]"></a>__rt_lib_shutdown_cpp_1</STRONG> (Thumb, 0 bytes, Stack size unknown bytes, libshutdown2.o(.ARM.Collect$$libshutdown$$00000002))

<P><STRONG><a name="[b1]"></a>__rt_lib_shutdown_fp_trap_1</STRONG> (Thumb, 0 bytes, Stack size unknown bytes, libshutdown2.o(.ARM.Collect$$libshutdown$$00000007))

<P><STRONG><a name="[b2]"></a>__rt_lib_shutdown_heap_1</STRONG> (Thumb, 0 bytes, Stack size unknown bytes, libshutdown2.o(.ARM.Collect$$libshutdown$$0000000F))

<P><STRONG><a name="[b3]"></a>__rt_lib_shutdown_return</STRONG> (Thumb, 0 bytes, Stack size unknown bytes, libshutdown2.o(.ARM.Collect$$libshutdown$$00000010))

<P><STRONG><a name="[b4]"></a>__rt_lib_shutdown_signal_1</STRONG> (Thumb, 0 bytes, Stack size unknown bytes, libshutdown2.o(.ARM.Collect$$libshutdown$$0000000A))

<P><STRONG><a name="[b5]"></a>__rt_lib_shutdown_stdio_1</STRONG> (Thumb, 0 bytes, Stack size unknown bytes, libshutdown2.o(.ARM.Collect$$libshutdown$$00000004))

<P><STRONG><a name="[b6]"></a>__rt_lib_shutdown_user_alloc_1</STRONG> (Thumb, 0 bytes, Stack size unknown bytes, libshutdown2.o(.ARM.Collect$$libshutdown$$0000000C))

<P><STRONG><a name="[1d]"></a>__rt_entry</STRONG> (ARM, 0 bytes, Stack size unknown bytes, __rtentry.o(.ARM.Collect$$rtentry$$00000000))
<BR><BR>[Called By]<UL><LI><a href="#[1b]">&gt;&gt;</a>&nbsp;&nbsp;&nbsp;__main
<LI><a href="#[1e]">&gt;&gt;</a>&nbsp;&nbsp;&nbsp;__scatterload_rt2
</UL>

<P><STRONG><a name="[b7]"></a>__rt_entry_presh_1</STRONG> (ARM, 0 bytes, Stack size unknown bytes, __rtentry2.o(.ARM.Collect$$rtentry$$00000002))

<P><STRONG><a name="[2a]"></a>__rt_entry_sh</STRONG> (ARM, 0 bytes, Stack size unknown bytes, __rtentry4.o(.ARM.Collect$$rtentry$$00000004))
<BR><BR>[Stack]<UL><LI>Max Depth = 8 + Unknown Stack Size
<LI>Call Chain = __rt_entry_sh &rArr; __user_setup_stackheap
</UL>
<BR>[Calls]<UL><LI><a href="#[2b]">&gt;&gt;</a>&nbsp;&nbsp;&nbsp;__user_setup_stackheap
</UL>

<P><STRONG><a name="[2c]"></a>__rt_entry_li</STRONG> (ARM, 0 bytes, Stack size unknown bytes, __rtentry2.o(.ARM.Collect$$rtentry$$0000000A))
<BR><BR>[Calls]<UL><LI><a href="#[2d]">&gt;&gt;</a>&nbsp;&nbsp;&nbsp;__rt_lib_init (via Veneer)
</UL>

<P><STRONG><a name="[b8]"></a>__rt_entry_postsh_1</STRONG> (ARM, 0 bytes, Stack size unknown bytes, __rtentry2.o(.ARM.Collect$$rtentry$$00000009))

<P><STRONG><a name="[2e]"></a>__rt_entry_main</STRONG> (ARM, 0 bytes, Stack size unknown bytes, __rtentry2.o(.ARM.Collect$$rtentry$$0000000D))
<BR><BR>[Stack]<UL><LI>Max Depth = 8 + Unknown Stack Size
<LI>Call Chain = __rt_entry_main &rArr; exit
</UL>
<BR>[Calls]<UL><LI><a href="#[2f]">&gt;&gt;</a>&nbsp;&nbsp;&nbsp;exit (via BX)
</UL>

<P><STRONG><a name="[b9]"></a>__rt_entry_postli_1</STRONG> (ARM, 0 bytes, Stack size unknown bytes, __rtentry2.o(.ARM.Collect$$rtentry$$0000000C))

<P><STRONG><a name="[52]"></a>__rt_exit</STRONG> (ARM, 0 bytes, Stack size unknown bytes, rtexit.o(.ARM.Collect$$rtexit$$00000000))
<BR><BR>[Called By]<UL><LI><a href="#[2f]">&gt;&gt;</a>&nbsp;&nbsp;&nbsp;exit (via Veneer)
</UL>

<P><STRONG><a name="[30]"></a>__rt_exit_ls</STRONG> (ARM, 0 bytes, Stack size unknown bytes, rtexit2.o(.ARM.Collect$$rtexit$$00000003))
<BR><BR>[Calls]<UL><LI><a href="#[31]">&gt;&gt;</a>&nbsp;&nbsp;&nbsp;__rt_lib_shutdown (via Veneer)
</UL>

<P><STRONG><a name="[ba]"></a>__rt_exit_prels_1</STRONG> (ARM, 0 bytes, Stack size unknown bytes, rtexit2.o(.ARM.Collect$$rtexit$$00000002))

<P><STRONG><a name="[32]"></a>__rt_exit_exit</STRONG> (ARM, 0 bytes, Stack size unknown bytes, rtexit2.o(.ARM.Collect$$rtexit$$00000004))
<BR><BR>[Calls]<UL><LI><a href="#[33]">&gt;&gt;</a>&nbsp;&nbsp;&nbsp;_sys_exit (via Veneer)
</UL>

<P><STRONG><a name="[50]"></a>__user_initial_stackheap</STRONG> (ARM, 0 bytes, Stack size unknown bytes, startup.o(.text))
<BR><BR>[Called By]<UL><LI><a href="#[2b]">&gt;&gt;</a>&nbsp;&nbsp;&nbsp;__user_setup_stackheap
</UL>

<P><STRONG><a name="[bb]"></a>switch_to_PLL</STRONG> (ARM, 0 bytes, Stack size unknown bytes, startup.o(.text), UNUSED)

<P><STRONG><a name="[74]"></a>__aeabi_uldivmod</STRONG> (ARM, 0 bytes, Stack size 24 bytes, lludiv.o(.text))
<BR><BR>[Stack]<UL><LI>Max Depth = 24<LI>Call Chain = __aeabi_uldivmod
</UL>
<BR>[Called By]<UL><LI><a href="#[80]">&gt;&gt;</a>&nbsp;&nbsp;&nbsp;hal_wdt_iniciar
<LI><a href="#[75]">&gt;&gt;</a>&nbsp;&nbsp;&nbsp;drv_tiempo_actual_us
<LI><a href="#[61]">&gt;&gt;</a>&nbsp;&nbsp;&nbsp;drv_tiempo_actual_ms
</UL>

<P><STRONG><a name="[bc]"></a>_ll_udiv</STRONG> (ARM, 720 bytes, Stack size 24 bytes, lludiv.o(.text), UNUSED)

<P><STRONG><a name="[bd]"></a>_ll_udiv_donemoving</STRONG> (ARM, 0 bytes, Stack size unknown bytes, lludiv.o(.text), UNUSED)

<P><STRONG><a name="[34]"></a>__2sprintf</STRONG> (Thumb, 36 bytes, Stack size 32 bytes, noretval__2sprintf.o(.text))
<BR><BR>[Stack]<UL><LI>Max Depth = 128 + Unknown Stack Size
<LI>Call Chain = __2sprintf &rArr; _printf_char_common &rArr; __printf
</UL>
<BR>[Calls]<UL><LI><a href="#[e]">&gt;&gt;</a>&nbsp;&nbsp;&nbsp;_sputc
<LI><a href="#[35]">&gt;&gt;</a>&nbsp;&nbsp;&nbsp;_printf_char_common
</UL>
<BR>[Called By]<UL><LI><a href="#[63]">&gt;&gt;</a>&nbsp;&nbsp;&nbsp;reiniciar_juego (via Veneer)
<LI><a href="#[84]">&gt;&gt;</a>&nbsp;&nbsp;&nbsp;procesar_estado_wait_for_input (via Veneer)
<LI><a href="#[10]">&gt;&gt;</a>&nbsp;&nbsp;&nbsp;juego_fsm (via Veneer)
<LI><a href="#[5c]">&gt;&gt;</a>&nbsp;&nbsp;&nbsp;beat_hero_extend_iniciar (via Veneer)
</UL>

<P><STRONG><a name="[36]"></a>_printf_str</STRONG> (Thumb, 88 bytes, Stack size 16 bytes, _printf_str.o(.text))
<BR><BR>[Stack]<UL><LI>Max Depth = 16<LI>Call Chain = _printf_str
</UL>
<BR>[Calls]<UL><LI><a href="#[37]">&gt;&gt;</a>&nbsp;&nbsp;&nbsp;_printf_pre_padding (Weak Reference)
<LI><a href="#[39]">&gt;&gt;</a>&nbsp;&nbsp;&nbsp;_printf_post_padding (Weak Reference)
<LI><a href="#[38]">&gt;&gt;</a>&nbsp;&nbsp;&nbsp;__ARM_common_call_via_r2
</UL>
<BR>[Called By]<UL><LI><a href="#[4b]">&gt;&gt;</a>&nbsp;&nbsp;&nbsp;_printf_cs_common
</UL>

<P><STRONG><a name="[23]"></a>_printf_int_dec</STRONG> (Thumb, 94 bytes, Stack size 32 bytes, _printf_dec.o(.text))
<BR><BR>[Stack]<UL><LI>Max Depth = 72<LI>Call Chain = _printf_int_dec &rArr; _printf_int_common
</UL>
<BR>[Calls]<UL><LI><a href="#[3c]">&gt;&gt;</a>&nbsp;&nbsp;&nbsp;__rt_udiv10 (via Veneer)
<LI><a href="#[3d]">&gt;&gt;</a>&nbsp;&nbsp;&nbsp;_printf_int_common
<LI><a href="#[3b]">&gt;&gt;</a>&nbsp;&nbsp;&nbsp;_printf_truncate_unsigned (Weak Reference)
<LI><a href="#[3a]">&gt;&gt;</a>&nbsp;&nbsp;&nbsp;_printf_truncate_signed (Weak Reference)
</UL>
<BR>[Called By]<UL><LI><a href="#[22]">&gt;&gt;</a>&nbsp;&nbsp;&nbsp;_printf_d (via Veneer)
</UL>

<P><STRONG><a name="[3e]"></a>__printf</STRONG> (Thumb, 286 bytes, Stack size 32 bytes, __printf_wp.o(.text))
<BR><BR>[Stack]<UL><LI>Max Depth = 32 + Unknown Stack Size
<LI>Call Chain = __printf
</UL>
<BR>[Calls]<UL><LI><a href="#[41]">&gt;&gt;</a>&nbsp;&nbsp;&nbsp;_printf_percent (via Veneer)
<LI><a href="#[40]">&gt;&gt;</a>&nbsp;&nbsp;&nbsp;_is_digit
<LI><a href="#[38]">&gt;&gt;</a>&nbsp;&nbsp;&nbsp;__ARM_common_call_via_r2
<LI><a href="#[3f]">&gt;&gt;</a>&nbsp;&nbsp;&nbsp;__ARM_common_call_via_r1
</UL>
<BR>[Called By]<UL><LI><a href="#[35]">&gt;&gt;</a>&nbsp;&nbsp;&nbsp;_printf_char_common
</UL>

<P><STRONG><a name="[be]"></a>__use_two_region_memory</STRONG> (Thumb, 2 bytes, Stack size 0 bytes, heapauxi.o(.text), UNUSED)

<P><STRONG><a name="[bf]"></a>__rt_heap_escrow$2region</STRONG> (Thumb, 2 bytes, Stack size 0 bytes, heapauxi.o(.text), UNUSED)

<P><STRONG><a name="[c0]"></a>__rt_heap_expand$2region</STRONG> (Thumb, 2 bytes, Stack size 0 bytes, heapauxi.o(.text), UNUSED)

<P><STRONG><a name="[3d]"></a>_printf_int_common</STRONG> (Thumb, 186 bytes, Stack size 40 bytes, _printf_intcommon.o(.text))
<BR><BR>[Stack]<UL><LI>Max Depth = 40<LI>Call Chain = _printf_int_common
</UL>
<BR>[Calls]<UL><LI><a href="#[37]">&gt;&gt;</a>&nbsp;&nbsp;&nbsp;_printf_pre_padding (Weak Reference)
<LI><a href="#[39]">&gt;&gt;</a>&nbsp;&nbsp;&nbsp;_printf_post_padding (Weak Reference)
<LI><a href="#[38]">&gt;&gt;</a>&nbsp;&nbsp;&nbsp;__ARM_common_call_via_r2
</UL>
<BR>[Called By]<UL><LI><a href="#[23]">&gt;&gt;</a>&nbsp;&nbsp;&nbsp;_printf_int_dec
</UL>

<P><STRONG><a name="[c1]"></a>__lib_sel_fp_printf</STRONG> (Thumb, 2 bytes, Stack size 0 bytes, _printf_fp_dec.o(.text), UNUSED)

<P><STRONG><a name="[48]"></a>_printf_fp_dec_real</STRONG> (Thumb, 628 bytes, Stack size 96 bytes, _printf_fp_dec.o(.text))
<BR><BR>[Stack]<UL><LI>Max Depth = 316<LI>Call Chain = _printf_fp_dec_real &rArr; _fp_digits &rArr; _btod_etento &rArr; _btod_emul &rArr; _e2e
</UL>
<BR>[Calls]<UL><LI><a href="#[49]">&gt;&gt;</a>&nbsp;&nbsp;&nbsp;__ARM_fpclassify (via Veneer)
<LI><a href="#[4a]">&gt;&gt;</a>&nbsp;&nbsp;&nbsp;_printf_fp_infnan
<LI><a href="#[27]">&gt;&gt;</a>&nbsp;&nbsp;&nbsp;__rt_locale (via Veneer)
<LI><a href="#[3c]">&gt;&gt;</a>&nbsp;&nbsp;&nbsp;__rt_udiv10 (via Veneer)
<LI><a href="#[42]">&gt;&gt;</a>&nbsp;&nbsp;&nbsp;_fp_digits
<LI><a href="#[37]">&gt;&gt;</a>&nbsp;&nbsp;&nbsp;_printf_pre_padding (Weak Reference)
<LI><a href="#[39]">&gt;&gt;</a>&nbsp;&nbsp;&nbsp;_printf_post_padding (Weak Reference)
<LI><a href="#[38]">&gt;&gt;</a>&nbsp;&nbsp;&nbsp;__ARM_common_call_via_r2
</UL>
<BR>[Called By]<UL><LI><a href="#[21]">&gt;&gt;</a>&nbsp;&nbsp;&nbsp;_printf_fp_dec (via Veneer)
</UL>

<P><STRONG><a name="[35]"></a>_printf_char_common</STRONG> (Thumb, 34 bytes, Stack size 64 bytes, _printf_char_common.o(.text))
<BR><BR>[Stack]<UL><LI>Max Depth = 96 + Unknown Stack Size
<LI>Call Chain = _printf_char_common &rArr; __printf
</UL>
<BR>[Calls]<UL><LI><a href="#[3e]">&gt;&gt;</a>&nbsp;&nbsp;&nbsp;__printf
</UL>
<BR>[Called By]<UL><LI><a href="#[34]">&gt;&gt;</a>&nbsp;&nbsp;&nbsp;__2sprintf
</UL>

<P><STRONG><a name="[e]"></a>_sputc</STRONG> (Thumb, 10 bytes, Stack size 0 bytes, _sputc.o(.text))
<BR><BR>[Called By]<UL><LI><a href="#[34]">&gt;&gt;</a>&nbsp;&nbsp;&nbsp;__2sprintf
</UL>
<BR>[Address Reference Count : 1]<UL><LI> noretval__2sprintf.o(.text)
</UL>
<P><STRONG><a name="[4b]"></a>_printf_cs_common</STRONG> (Thumb, 26 bytes, Stack size 8 bytes, _printf_char.o(.text))
<BR><BR>[Stack]<UL><LI>Max Depth = 24<LI>Call Chain = _printf_cs_common &rArr; _printf_str
</UL>
<BR>[Calls]<UL><LI><a href="#[4c]">&gt;&gt;</a>&nbsp;&nbsp;&nbsp;_printf_mbtowc (Weak Reference)
<LI><a href="#[36]">&gt;&gt;</a>&nbsp;&nbsp;&nbsp;_printf_str
</UL>
<BR>[Called By]<UL><LI><a href="#[25]">&gt;&gt;</a>&nbsp;&nbsp;&nbsp;_printf_string
<LI><a href="#[4d]">&gt;&gt;</a>&nbsp;&nbsp;&nbsp;_printf_char
</UL>

<P><STRONG><a name="[4d]"></a>_printf_char</STRONG> (Thumb, 16 bytes, Stack size 0 bytes, _printf_char.o(.text), UNUSED)
<BR><BR>[Calls]<UL><LI><a href="#[4b]">&gt;&gt;</a>&nbsp;&nbsp;&nbsp;_printf_cs_common
</UL>

<P><STRONG><a name="[25]"></a>_printf_string</STRONG> (Thumb, 8 bytes, Stack size 0 bytes, _printf_char.o(.text))
<BR><BR>[Stack]<UL><LI>Max Depth = 24<LI>Call Chain = _printf_string &rArr; _printf_cs_common &rArr; _printf_str
</UL>
<BR>[Calls]<UL><LI><a href="#[4b]">&gt;&gt;</a>&nbsp;&nbsp;&nbsp;_printf_cs_common
</UL>
<BR>[Called By]<UL><LI><a href="#[24]">&gt;&gt;</a>&nbsp;&nbsp;&nbsp;_printf_s (via Veneer)
</UL>

<P><STRONG><a name="[3c]"></a>__rt_udiv10</STRONG> (ARM, 44 bytes, Stack size 0 bytes, rtudiv10.o(.text))
<BR><BR>[Called By]<UL><LI><a href="#[48]">&gt;&gt;</a>&nbsp;&nbsp;&nbsp;_printf_fp_dec_real (via Veneer)
<LI><a href="#[23]">&gt;&gt;</a>&nbsp;&nbsp;&nbsp;_printf_int_dec (via Veneer)
</UL>

<P><STRONG><a name="[27]"></a>__rt_locale</STRONG> (ARM, 12 bytes, Stack size 0 bytes, rt_locale_intlibspace.o(.text))
<BR><BR>[Called By]<UL><LI><a href="#[26]">&gt;&gt;</a>&nbsp;&nbsp;&nbsp;__rt_lib_init_lc_common (via Veneer)
<LI><a href="#[48]">&gt;&gt;</a>&nbsp;&nbsp;&nbsp;_printf_fp_dec_real (via Veneer)
</UL>

<P><STRONG><a name="[47]"></a>_ll_udiv10</STRONG> (ARM, 160 bytes, Stack size 12 bytes, lludiv10.o(.text))
<BR><BR>[Stack]<UL><LI>Max Depth = 12<LI>Call Chain = _ll_udiv10
</UL>
<BR>[Called By]<UL><LI><a href="#[42]">&gt;&gt;</a>&nbsp;&nbsp;&nbsp;_fp_digits (via Veneer)
</UL>

<P><STRONG><a name="[4a]"></a>_printf_fp_infnan</STRONG> (Thumb, 128 bytes, Stack size 24 bytes, _printf_fp_infnan.o(.text))
<BR><BR>[Stack]<UL><LI>Max Depth = 24<LI>Call Chain = _printf_fp_infnan
</UL>
<BR>[Calls]<UL><LI><a href="#[37]">&gt;&gt;</a>&nbsp;&nbsp;&nbsp;_printf_pre_padding (Weak Reference)
<LI><a href="#[39]">&gt;&gt;</a>&nbsp;&nbsp;&nbsp;_printf_post_padding (Weak Reference)
<LI><a href="#[38]">&gt;&gt;</a>&nbsp;&nbsp;&nbsp;__ARM_common_call_via_r2
</UL>
<BR>[Called By]<UL><LI><a href="#[48]">&gt;&gt;</a>&nbsp;&nbsp;&nbsp;_printf_fp_dec_real
</UL>

<P><STRONG><a name="[43]"></a>_btod_etento</STRONG> (Thumb, 214 bytes, Stack size 72 bytes, bigflt0.o(.text))
<BR><BR>[Stack]<UL><LI>Max Depth = 124<LI>Call Chain = _btod_etento &rArr; _btod_emul &rArr; _e2e
</UL>
<BR>[Calls]<UL><LI><a href="#[4e]">&gt;&gt;</a>&nbsp;&nbsp;&nbsp;__aeabi_idivmod (via Veneer)
<LI><a href="#[46]">&gt;&gt;</a>&nbsp;&nbsp;&nbsp;_btod_emul (via Veneer)
<LI><a href="#[45]">&gt;&gt;</a>&nbsp;&nbsp;&nbsp;_btod_ediv (via Veneer)
</UL>
<BR>[Called By]<UL><LI><a href="#[42]">&gt;&gt;</a>&nbsp;&nbsp;&nbsp;_fp_digits
</UL>

<P><STRONG><a name="[c2]"></a>__user_libspace</STRONG> (ARM, 12 bytes, Stack size 0 bytes, libspace.o(.text), UNUSED)

<P><STRONG><a name="[4f]"></a>__user_perproc_libspace</STRONG> (ARM, 0 bytes, Stack size 0 bytes, libspace.o(.text))
<BR><BR>[Called By]<UL><LI><a href="#[2b]">&gt;&gt;</a>&nbsp;&nbsp;&nbsp;__user_setup_stackheap
</UL>

<P><STRONG><a name="[c3]"></a>__user_perthread_libspace</STRONG> (ARM, 0 bytes, Stack size 0 bytes, libspace.o(.text), UNUSED)

<P><STRONG><a name="[2b]"></a>__user_setup_stackheap</STRONG> (ARM, 96 bytes, Stack size 8 bytes, sys_stackheap_outer.o(.text))
<BR><BR>[Stack]<UL><LI>Max Depth = 8 + Unknown Stack Size
<LI>Call Chain = __user_setup_stackheap
</UL>
<BR>[Calls]<UL><LI><a href="#[4f]">&gt;&gt;</a>&nbsp;&nbsp;&nbsp;__user_perproc_libspace
<LI><a href="#[50]">&gt;&gt;</a>&nbsp;&nbsp;&nbsp;__user_initial_stackheap
</UL>
<BR>[Called By]<UL><LI><a href="#[2a]">&gt;&gt;</a>&nbsp;&nbsp;&nbsp;__rt_entry_sh
</UL>

<P><STRONG><a name="[2f]"></a>exit</STRONG> (Thumb, 20 bytes, Stack size 8 bytes, exit.o(.text))
<BR><BR>[Stack]<UL><LI>Max Depth = 8 + Unknown Stack Size
<LI>Call Chain = exit
</UL>
<BR>[Calls]<UL><LI><a href="#[52]">&gt;&gt;</a>&nbsp;&nbsp;&nbsp;__rt_exit (via Veneer)
<LI><a href="#[51]">&gt;&gt;</a>&nbsp;&nbsp;&nbsp;_call_atexit_fns (Weak Reference)
</UL>
<BR>[Called By]<UL><LI><a href="#[2e]">&gt;&gt;</a>&nbsp;&nbsp;&nbsp;__rt_entry_main
</UL>

<P><STRONG><a name="[8f]"></a>strcmp</STRONG> (ARM, 268 bytes, Stack size 4 bytes, strcmpfast.o(.text))
<BR><BR>[Stack]<UL><LI>Max Depth = 4<LI>Call Chain = strcmp
</UL>
<BR>[Called By]<UL><LI><a href="#[29]">&gt;&gt;</a>&nbsp;&nbsp;&nbsp;_get_lc_numeric
</UL>

<P><STRONG><a name="[c4]"></a>__aeabi_idiv</STRONG> (ARM, 0 bytes, Stack size 8 bytes, aeabi_sdivfast.o(.text), UNUSED)

<P><STRONG><a name="[4e]"></a>__aeabi_idivmod</STRONG> (ARM, 556 bytes, Stack size 8 bytes, aeabi_sdivfast.o(.text))
<BR><BR>[Stack]<UL><LI>Max Depth = 8<LI>Call Chain = __aeabi_idivmod
</UL>
<BR>[Called By]<UL><LI><a href="#[43]">&gt;&gt;</a>&nbsp;&nbsp;&nbsp;_btod_etento (via Veneer)
</UL>

<P><STRONG><a name="[33]"></a>_sys_exit</STRONG> (Thumb, 8 bytes, Stack size 0 bytes, sys_exit.o(.text))
<BR><BR>[Called By]<UL><LI><a href="#[32]">&gt;&gt;</a>&nbsp;&nbsp;&nbsp;__rt_exit_exit (via Veneer)
</UL>

<P><STRONG><a name="[c5]"></a>__I$use$semihosting</STRONG> (ARM, 0 bytes, Stack size 0 bytes, use_no_semi.o(.text), UNUSED)

<P><STRONG><a name="[c6]"></a>__use_no_semihosting_swi</STRONG> (ARM, 4 bytes, Stack size 0 bytes, use_no_semi.o(.text), UNUSED)

<P><STRONG><a name="[c7]"></a>__semihosting_library_function</STRONG> (ARM, 0 bytes, Stack size unknown bytes, indicate_semi.o(.text), UNUSED)

<P><STRONG><a name="[44]"></a>_btod_d2e</STRONG> (ARM, 56 bytes, Stack size 0 bytes, btod.o(CL$$btod_d2e))
<BR><BR>[Calls]<UL><LI><a href="#[53]">&gt;&gt;</a>&nbsp;&nbsp;&nbsp;_d2e_norm_op1
</UL>
<BR>[Called By]<UL><LI><a href="#[42]">&gt;&gt;</a>&nbsp;&nbsp;&nbsp;_fp_digits (via Veneer)
</UL>

<P><STRONG><a name="[54]"></a>_d2e_denorm_low</STRONG> (ARM, 84 bytes, Stack size 0 bytes, btod.o(CL$$btod_d2e_denorm_low))
<BR><BR>[Called By]<UL><LI><a href="#[53]">&gt;&gt;</a>&nbsp;&nbsp;&nbsp;_d2e_norm_op1
</UL>

<P><STRONG><a name="[53]"></a>_d2e_norm_op1</STRONG> (ARM, 104 bytes, Stack size 0 bytes, btod.o(CL$$btod_d2e_norm_op1))
<BR><BR>[Calls]<UL><LI><a href="#[54]">&gt;&gt;</a>&nbsp;&nbsp;&nbsp;_d2e_denorm_low
</UL>
<BR>[Called By]<UL><LI><a href="#[44]">&gt;&gt;</a>&nbsp;&nbsp;&nbsp;_btod_d2e
</UL>

<P><STRONG><a name="[55]"></a>__btod_div_common</STRONG> (ARM, 716 bytes, Stack size 24 bytes, btod.o(CL$$btod_div_common))
<BR><BR>[Stack]<UL><LI>Max Depth = 24<LI>Call Chain = __btod_div_common
</UL>
<BR>[Called By]<UL><LI><a href="#[45]">&gt;&gt;</a>&nbsp;&nbsp;&nbsp;_btod_ediv
</UL>

<P><STRONG><a name="[56]"></a>_e2e</STRONG> (ARM, 244 bytes, Stack size 24 bytes, btod.o(CL$$btod_e2e))
<BR><BR>[Stack]<UL><LI>Max Depth = 24<LI>Call Chain = _e2e
</UL>
<BR>[Called By]<UL><LI><a href="#[46]">&gt;&gt;</a>&nbsp;&nbsp;&nbsp;_btod_emul
<LI><a href="#[45]">&gt;&gt;</a>&nbsp;&nbsp;&nbsp;_btod_ediv
</UL>

<P><STRONG><a name="[45]"></a>_btod_ediv</STRONG> (ARM, 56 bytes, Stack size 28 bytes, btod.o(CL$$btod_ediv))
<BR><BR>[Stack]<UL><LI>Max Depth = 52<LI>Call Chain = _btod_ediv &rArr; _e2e
</UL>
<BR>[Calls]<UL><LI><a href="#[56]">&gt;&gt;</a>&nbsp;&nbsp;&nbsp;_e2e
<LI><a href="#[55]">&gt;&gt;</a>&nbsp;&nbsp;&nbsp;__btod_div_common
</UL>
<BR>[Called By]<UL><LI><a href="#[43]">&gt;&gt;</a>&nbsp;&nbsp;&nbsp;_btod_etento (via Veneer)
<LI><a href="#[42]">&gt;&gt;</a>&nbsp;&nbsp;&nbsp;_fp_digits (via Veneer)
</UL>

<P><STRONG><a name="[46]"></a>_btod_emul</STRONG> (ARM, 56 bytes, Stack size 28 bytes, btod.o(CL$$btod_emul))
<BR><BR>[Stack]<UL><LI>Max Depth = 52<LI>Call Chain = _btod_emul &rArr; _e2e
</UL>
<BR>[Calls]<UL><LI><a href="#[57]">&gt;&gt;</a>&nbsp;&nbsp;&nbsp;__btod_mult_common
<LI><a href="#[56]">&gt;&gt;</a>&nbsp;&nbsp;&nbsp;_e2e
</UL>
<BR>[Called By]<UL><LI><a href="#[43]">&gt;&gt;</a>&nbsp;&nbsp;&nbsp;_btod_etento (via Veneer)
<LI><a href="#[42]">&gt;&gt;</a>&nbsp;&nbsp;&nbsp;_fp_digits (via Veneer)
</UL>

<P><STRONG><a name="[57]"></a>__btod_mult_common</STRONG> (ARM, 616 bytes, Stack size 16 bytes, btod.o(CL$$btod_mult_common))
<BR><BR>[Stack]<UL><LI>Max Depth = 16<LI>Call Chain = __btod_mult_common
</UL>
<BR>[Called By]<UL><LI><a href="#[46]">&gt;&gt;</a>&nbsp;&nbsp;&nbsp;_btod_emul
</UL>

<P><STRONG><a name="[13]"></a>EINT0_ISR</STRONG> (ARM, 68 bytes, Stack size 32 bytes, hal_ext_int_lpc.o(i.EINT0_ISR))
<BR><BR>[Stack]<UL><LI>Max Depth = 32<LI>Call Chain = EINT0_ISR
</UL>
<BR>[Address Reference Count : 1]<UL><LI> hal_ext_int_lpc.o(i.hal_ext_int_iniciar)
</UL>
<P><STRONG><a name="[14]"></a>EINT1_ISR</STRONG> (ARM, 68 bytes, Stack size 32 bytes, hal_ext_int_lpc.o(i.EINT1_ISR))
<BR><BR>[Stack]<UL><LI>Max Depth = 32<LI>Call Chain = EINT1_ISR
</UL>
<BR>[Address Reference Count : 1]<UL><LI> hal_ext_int_lpc.o(i.hal_ext_int_iniciar)
</UL>
<P><STRONG><a name="[15]"></a>EINT2_ISR</STRONG> (ARM, 68 bytes, Stack size 32 bytes, hal_ext_int_lpc.o(i.EINT2_ISR))
<BR><BR>[Stack]<UL><LI>Max Depth = 32<LI>Call Chain = EINT2_ISR
</UL>
<BR>[Address Reference Count : 1]<UL><LI> hal_ext_int_lpc.o(i.hal_ext_int_iniciar)
</UL>
<P><STRONG><a name="[17]"></a>T0_ISR</STRONG> (ARM, 56 bytes, Stack size 24 bytes, hal_tiempo_lpc.o(i.T0_ISR))
<BR><BR>[Stack]<UL><LI>Max Depth = 24<LI>Call Chain = T0_ISR
</UL>
<BR>[Address Reference Count : 1]<UL><LI> hal_tiempo_lpc.o(i.hal_tiempo_reloj_periodico_tick)
</UL>
<P><STRONG><a name="[16]"></a>T1_ISR</STRONG> (ARM, 52 bytes, Stack size 12 bytes, hal_tiempo_lpc.o(i.T1_ISR))
<BR><BR>[Stack]<UL><LI>Max Depth = 12<LI>Call Chain = T1_ISR
</UL>
<BR>[Address Reference Count : 1]<UL><LI> hal_tiempo_lpc.o(i.hal_tiempo_iniciar_tick)
</UL>
<P><STRONG><a name="[3f]"></a>__ARM_common_call_via_r1</STRONG> (Thumb, 2 bytes, Stack size 0 bytes, __printf.o(i.__ARM_common_call_via_r1))
<BR><BR>[Called By]<UL><LI><a href="#[3e]">&gt;&gt;</a>&nbsp;&nbsp;&nbsp;__printf
</UL>

<P><STRONG><a name="[38]"></a>__ARM_common_call_via_r2</STRONG> (Thumb, 2 bytes, Stack size 0 bytes, __printf.o(i.__ARM_common_call_via_r2))
<BR><BR>[Called By]<UL><LI><a href="#[4a]">&gt;&gt;</a>&nbsp;&nbsp;&nbsp;_printf_fp_infnan
<LI><a href="#[48]">&gt;&gt;</a>&nbsp;&nbsp;&nbsp;_printf_fp_dec_real
<LI><a href="#[3d]">&gt;&gt;</a>&nbsp;&nbsp;&nbsp;_printf_int_common
<LI><a href="#[3e]">&gt;&gt;</a>&nbsp;&nbsp;&nbsp;__printf
<LI><a href="#[36]">&gt;&gt;</a>&nbsp;&nbsp;&nbsp;_printf_str
</UL>

<P><STRONG><a name="[49]"></a>__ARM_fpclassify</STRONG> (ARM, 48 bytes, Stack size 0 bytes, fpclassify.o(i.__ARM_fpclassify))
<BR><BR>[Called By]<UL><LI><a href="#[48]">&gt;&gt;</a>&nbsp;&nbsp;&nbsp;_printf_fp_dec_real (via Veneer)
</UL>

<P><STRONG><a name="[40]"></a>_is_digit</STRONG> (Thumb, 14 bytes, Stack size 0 bytes, __printf_wp.o(i._is_digit))
<BR><BR>[Called By]<UL><LI><a href="#[3e]">&gt;&gt;</a>&nbsp;&nbsp;&nbsp;__printf
</UL>

<P><STRONG><a name="[5c]"></a>beat_hero_extend_iniciar</STRONG> (ARM, 196 bytes, Stack size 8 bytes, beat_hero_extend.o(i.beat_hero_extend_iniciar))
<BR><BR>[Stack]<UL><LI>Max Depth = 152 + Unknown Stack Size
<LI>Call Chain = beat_hero_extend_iniciar &rArr; reiniciar_juego &rArr; __2sprintf &rArr; _printf_char_common &rArr; __printf
</UL>
<BR>[Calls]<UL><LI><a href="#[63]">&gt;&gt;</a>&nbsp;&nbsp;&nbsp;reiniciar_juego
<LI><a href="#[62]">&gt;&gt;</a>&nbsp;&nbsp;&nbsp;hal_random_iniciar
<LI><a href="#[5a]">&gt;&gt;</a>&nbsp;&nbsp;&nbsp;svc_alarma_codificar
<LI><a href="#[5b]">&gt;&gt;</a>&nbsp;&nbsp;&nbsp;svc_alarma_activar
<LI><a href="#[64]">&gt;&gt;</a>&nbsp;&nbsp;&nbsp;svc_GE_suscribir
<LI><a href="#[65]">&gt;&gt;</a>&nbsp;&nbsp;&nbsp;rt_GE_lanzador
<LI><a href="#[5e]">&gt;&gt;</a>&nbsp;&nbsp;&nbsp;rt_GE_iniciar
<LI><a href="#[60]">&gt;&gt;</a>&nbsp;&nbsp;&nbsp;drv_botones_iniciar
<LI><a href="#[61]">&gt;&gt;</a>&nbsp;&nbsp;&nbsp;drv_tiempo_actual_ms
<LI><a href="#[5d]">&gt;&gt;</a>&nbsp;&nbsp;&nbsp;drv_uart_send
<LI><a href="#[5f]">&gt;&gt;</a>&nbsp;&nbsp;&nbsp;drv_leds_iniciar
<LI><a href="#[34]">&gt;&gt;</a>&nbsp;&nbsp;&nbsp;__2sprintf (via Veneer)
</UL>
<BR>[Called By]<UL><LI><a href="#[d]">&gt;&gt;</a>&nbsp;&nbsp;&nbsp;main
</UL>

<P><STRONG><a name="[66]"></a>drv_boton_esta_pulsado</STRONG> (ARM, 48 bytes, Stack size 8 bytes, drv_botones.o(i.drv_boton_esta_pulsado))
<BR><BR>[Stack]<UL><LI>Max Depth = 8<LI>Call Chain = drv_boton_esta_pulsado
</UL>
<BR>[Calls]<UL><LI><a href="#[67]">&gt;&gt;</a>&nbsp;&nbsp;&nbsp;hal_gpio_leer
</UL>
<BR>[Called By]<UL><LI><a href="#[10]">&gt;&gt;</a>&nbsp;&nbsp;&nbsp;juego_fsm
</UL>

<P><STRONG><a name="[11]"></a>drv_botones_callback</STRONG> (ARM, 32 bytes, Stack size 8 bytes, drv_botones.o(i.drv_botones_callback))
<BR><BR>[Stack]<UL><LI>Max Depth = 56<LI>Call Chain = drv_botones_callback &rArr; rt_FIFO_encolar &rArr; drv_tiempo_actual_us &rArr; __aeabi_uldivmod
</UL>
<BR>[Calls]<UL><LI><a href="#[68]">&gt;&gt;</a>&nbsp;&nbsp;&nbsp;hal_ext_int_deshabilitar
<LI><a href="#[18]">&gt;&gt;</a>&nbsp;&nbsp;&nbsp;rt_FIFO_encolar
</UL>
<BR>[Address Reference Count : 1]<UL><LI> drv_botones.o(i.drv_botones_iniciar)
</UL>
<P><STRONG><a name="[60]"></a>drv_botones_iniciar</STRONG> (ARM, 136 bytes, Stack size 24 bytes, drv_botones.o(i.drv_botones_iniciar))
<BR><BR>[Stack]<UL><LI>Max Depth = 72<LI>Call Chain = drv_botones_iniciar &rArr; svc_GE_suscribir &rArr; drv_led_establecer
</UL>
<BR>[Calls]<UL><LI><a href="#[6c]">&gt;&gt;</a>&nbsp;&nbsp;&nbsp;hal_ext_int_iniciar
<LI><a href="#[69]">&gt;&gt;</a>&nbsp;&nbsp;&nbsp;hal_ext_int_habilitar
<LI><a href="#[64]">&gt;&gt;</a>&nbsp;&nbsp;&nbsp;svc_GE_suscribir
<LI><a href="#[6b]">&gt;&gt;</a>&nbsp;&nbsp;&nbsp;hal_gpio_sentido
<LI><a href="#[6a]">&gt;&gt;</a>&nbsp;&nbsp;&nbsp;hal_gpio_iniciar
</UL>
<BR>[Called By]<UL><LI><a href="#[5c]">&gt;&gt;</a>&nbsp;&nbsp;&nbsp;beat_hero_extend_iniciar
</UL>

<P><STRONG><a name="[6d]"></a>drv_consumo_dormir</STRONG> (ARM, 4 bytes, Stack size 0 bytes, drv_consumo.o(i.drv_consumo_dormir))
<BR><BR>[Calls]<UL><LI><a href="#[6e]">&gt;&gt;</a>&nbsp;&nbsp;&nbsp;hal_consumo_dormir
</UL>
<BR>[Called By]<UL><LI><a href="#[10]">&gt;&gt;</a>&nbsp;&nbsp;&nbsp;juego_fsm
<LI><a href="#[18]">&gt;&gt;</a>&nbsp;&nbsp;&nbsp;rt_FIFO_encolar
</UL>

<P><STRONG><a name="[6f]"></a>drv_consumo_esperar</STRONG> (ARM, 4 bytes, Stack size 0 bytes, drv_consumo.o(i.drv_consumo_esperar))
<BR><BR>[Calls]<UL><LI><a href="#[70]">&gt;&gt;</a>&nbsp;&nbsp;&nbsp;hal_consumo_esperar
</UL>
<BR>[Called By]<UL><LI><a href="#[65]">&gt;&gt;</a>&nbsp;&nbsp;&nbsp;rt_GE_lanzador
<LI><a href="#[d]">&gt;&gt;</a>&nbsp;&nbsp;&nbsp;main
</UL>

<P><STRONG><a name="[59]"></a>drv_led_establecer</STRONG> (ARM, 68 bytes, Stack size 8 bytes, drv_leds.o(i.drv_led_establecer))
<BR><BR>[Stack]<UL><LI>Max Depth = 8<LI>Call Chain = drv_led_establecer
</UL>
<BR>[Calls]<UL><LI><a href="#[71]">&gt;&gt;</a>&nbsp;&nbsp;&nbsp;hal_gpio_escribir
</UL>
<BR>[Called By]<UL><LI><a href="#[63]">&gt;&gt;</a>&nbsp;&nbsp;&nbsp;reiniciar_juego
<LI><a href="#[84]">&gt;&gt;</a>&nbsp;&nbsp;&nbsp;procesar_estado_wait_for_input
<LI><a href="#[10]">&gt;&gt;</a>&nbsp;&nbsp;&nbsp;juego_fsm
<LI><a href="#[58]">&gt;&gt;</a>&nbsp;&nbsp;&nbsp;avanzar_secuencia_fin
<LI><a href="#[64]">&gt;&gt;</a>&nbsp;&nbsp;&nbsp;svc_GE_suscribir
</UL>

<P><STRONG><a name="[5f]"></a>drv_leds_iniciar</STRONG> (ARM, 72 bytes, Stack size 24 bytes, drv_leds.o(i.drv_leds_iniciar))
<BR><BR>[Stack]<UL><LI>Max Depth = 24<LI>Call Chain = drv_leds_iniciar
</UL>
<BR>[Calls]<UL><LI><a href="#[6b]">&gt;&gt;</a>&nbsp;&nbsp;&nbsp;hal_gpio_sentido
<LI><a href="#[71]">&gt;&gt;</a>&nbsp;&nbsp;&nbsp;hal_gpio_escribir
</UL>
<BR>[Called By]<UL><LI><a href="#[5c]">&gt;&gt;</a>&nbsp;&nbsp;&nbsp;beat_hero_extend_iniciar
<LI><a href="#[d]">&gt;&gt;</a>&nbsp;&nbsp;&nbsp;main
</UL>

<P><STRONG><a name="[72]"></a>drv_monitor_marcar</STRONG> (ARM, 36 bytes, Stack size 0 bytes, drv_monitor.o(i.drv_monitor_marcar))
<BR><BR>[Calls]<UL><LI><a href="#[71]">&gt;&gt;</a>&nbsp;&nbsp;&nbsp;hal_gpio_escribir
</UL>
<BR>[Called By]<UL><LI><a href="#[18]">&gt;&gt;</a>&nbsp;&nbsp;&nbsp;rt_FIFO_encolar
</UL>

<P><STRONG><a name="[61]"></a>drv_tiempo_actual_ms</STRONG> (ARM, 44 bytes, Stack size 8 bytes, drv_tiempo.o(i.drv_tiempo_actual_ms))
<BR><BR>[Stack]<UL><LI>Max Depth = 32<LI>Call Chain = drv_tiempo_actual_ms &rArr; __aeabi_uldivmod
</UL>
<BR>[Calls]<UL><LI><a href="#[73]">&gt;&gt;</a>&nbsp;&nbsp;&nbsp;hal_tiempo_actual_tick64
<LI><a href="#[74]">&gt;&gt;</a>&nbsp;&nbsp;&nbsp;__aeabi_uldivmod
</UL>
<BR>[Called By]<UL><LI><a href="#[84]">&gt;&gt;</a>&nbsp;&nbsp;&nbsp;procesar_estado_wait_for_input
<LI><a href="#[10]">&gt;&gt;</a>&nbsp;&nbsp;&nbsp;juego_fsm
<LI><a href="#[8d]">&gt;&gt;</a>&nbsp;&nbsp;&nbsp;svc_alarma_actualizar
<LI><a href="#[5b]">&gt;&gt;</a>&nbsp;&nbsp;&nbsp;svc_alarma_activar
<LI><a href="#[5c]">&gt;&gt;</a>&nbsp;&nbsp;&nbsp;beat_hero_extend_iniciar
</UL>

<P><STRONG><a name="[75]"></a>drv_tiempo_actual_us</STRONG> (ARM, 56 bytes, Stack size 8 bytes, drv_tiempo.o(i.drv_tiempo_actual_us))
<BR><BR>[Stack]<UL><LI>Max Depth = 32<LI>Call Chain = drv_tiempo_actual_us &rArr; __aeabi_uldivmod
</UL>
<BR>[Calls]<UL><LI><a href="#[73]">&gt;&gt;</a>&nbsp;&nbsp;&nbsp;hal_tiempo_actual_tick64
<LI><a href="#[74]">&gt;&gt;</a>&nbsp;&nbsp;&nbsp;__aeabi_uldivmod
</UL>
<BR>[Called By]<UL><LI><a href="#[18]">&gt;&gt;</a>&nbsp;&nbsp;&nbsp;rt_FIFO_encolar
</UL>

<P><STRONG><a name="[76]"></a>drv_tiempo_iniciar</STRONG> (ARM, 32 bytes, Stack size 8 bytes, drv_tiempo.o(i.drv_tiempo_iniciar))
<BR><BR>[Stack]<UL><LI>Max Depth = 12<LI>Call Chain = drv_tiempo_iniciar &rArr; hal_tiempo_iniciar_tick
</UL>
<BR>[Calls]<UL><LI><a href="#[77]">&gt;&gt;</a>&nbsp;&nbsp;&nbsp;hal_tiempo_iniciar_tick
</UL>
<BR>[Called By]<UL><LI><a href="#[d]">&gt;&gt;</a>&nbsp;&nbsp;&nbsp;main
</UL>

<P><STRONG><a name="[78]"></a>drv_tiempo_periodico_ms</STRONG> (ARM, 40 bytes, Stack size 0 bytes, drv_tiempo.o(i.drv_tiempo_periodico_ms))
<BR><BR>[Stack]<UL><LI>Max Depth = 4<LI>Call Chain = drv_tiempo_periodico_ms &rArr; hal_tiempo_reloj_periodico_tick
</UL>
<BR>[Calls]<UL><LI><a href="#[79]">&gt;&gt;</a>&nbsp;&nbsp;&nbsp;hal_tiempo_reloj_periodico_tick
</UL>
<BR>[Called By]<UL><LI><a href="#[8b]">&gt;&gt;</a>&nbsp;&nbsp;&nbsp;svc_alarma_iniciar
</UL>

<P><STRONG><a name="[7a]"></a>drv_uart_init</STRONG> (ARM, 4 bytes, Stack size 0 bytes, drv_uart.o(i.drv_uart_init))
<BR><BR>[Calls]<UL><LI><a href="#[7b]">&gt;&gt;</a>&nbsp;&nbsp;&nbsp;hal_uart_init
</UL>
<BR>[Called By]<UL><LI><a href="#[89]">&gt;&gt;</a>&nbsp;&nbsp;&nbsp;svc_logs_iniciar
<LI><a href="#[d]">&gt;&gt;</a>&nbsp;&nbsp;&nbsp;main
</UL>

<P><STRONG><a name="[5d]"></a>drv_uart_send</STRONG> (ARM, 60 bytes, Stack size 8 bytes, drv_uart.o(i.drv_uart_send))
<BR><BR>[Stack]<UL><LI>Max Depth = 8<LI>Call Chain = drv_uart_send
</UL>
<BR>[Calls]<UL><LI><a href="#[7c]">&gt;&gt;</a>&nbsp;&nbsp;&nbsp;hal_uart_sendchar
</UL>
<BR>[Called By]<UL><LI><a href="#[63]">&gt;&gt;</a>&nbsp;&nbsp;&nbsp;reiniciar_juego
<LI><a href="#[84]">&gt;&gt;</a>&nbsp;&nbsp;&nbsp;procesar_estado_wait_for_input
<LI><a href="#[10]">&gt;&gt;</a>&nbsp;&nbsp;&nbsp;juego_fsm
<LI><a href="#[5c]">&gt;&gt;</a>&nbsp;&nbsp;&nbsp;beat_hero_extend_iniciar
<LI><a href="#[d]">&gt;&gt;</a>&nbsp;&nbsp;&nbsp;main
</UL>

<P><STRONG><a name="[7d]"></a>drv_wdt_alimentar</STRONG> (ARM, 4 bytes, Stack size 0 bytes, drv_wtd.o(i.drv_wdt_alimentar))
<BR><BR>[Calls]<UL><LI><a href="#[7e]">&gt;&gt;</a>&nbsp;&nbsp;&nbsp;hal_wdt_alimentar
</UL>
<BR>[Called By]<UL><LI><a href="#[65]">&gt;&gt;</a>&nbsp;&nbsp;&nbsp;rt_GE_lanzador
</UL>

<P><STRONG><a name="[7f]"></a>drv_wdt_iniciar</STRONG> (ARM, 12 bytes, Stack size 0 bytes, drv_wtd.o(i.drv_wdt_iniciar))
<BR><BR>[Stack]<UL><LI>Max Depth = 32<LI>Call Chain = drv_wdt_iniciar &rArr; hal_wdt_iniciar &rArr; __aeabi_uldivmod
</UL>
<BR>[Calls]<UL><LI><a href="#[80]">&gt;&gt;</a>&nbsp;&nbsp;&nbsp;hal_wdt_iniciar
</UL>
<BR>[Called By]<UL><LI><a href="#[d]">&gt;&gt;</a>&nbsp;&nbsp;&nbsp;main
</UL>

<P><STRONG><a name="[6e]"></a>hal_consumo_dormir</STRONG> (ARM, 52 bytes, Stack size 0 bytes, hal_consumo_lpc2105.o(i.hal_consumo_dormir))
<BR><BR>[Called By]<UL><LI><a href="#[19]">&gt;&gt;</a>&nbsp;&nbsp;&nbsp;rt_GE_actualizar
<LI><a href="#[65]">&gt;&gt;</a>&nbsp;&nbsp;&nbsp;rt_GE_lanzador
<LI><a href="#[6d]">&gt;&gt;</a>&nbsp;&nbsp;&nbsp;drv_consumo_dormir
</UL>

<P><STRONG><a name="[70]"></a>hal_consumo_esperar</STRONG> (ARM, 28 bytes, Stack size 0 bytes, hal_consumo_lpc2105.o(i.hal_consumo_esperar))
<BR><BR>[Called By]<UL><LI><a href="#[6f]">&gt;&gt;</a>&nbsp;&nbsp;&nbsp;drv_consumo_esperar
</UL>

<P><STRONG><a name="[68]"></a>hal_ext_int_deshabilitar</STRONG> (ARM, 52 bytes, Stack size 0 bytes, hal_ext_int_lpc.o(i.hal_ext_int_deshabilitar))
<BR><BR>[Called By]<UL><LI><a href="#[11]">&gt;&gt;</a>&nbsp;&nbsp;&nbsp;drv_botones_callback
</UL>

<P><STRONG><a name="[69]"></a>hal_ext_int_habilitar</STRONG> (ARM, 104 bytes, Stack size 0 bytes, hal_ext_int_lpc.o(i.hal_ext_int_habilitar))
<BR><BR>[Called By]<UL><LI><a href="#[12]">&gt;&gt;</a>&nbsp;&nbsp;&nbsp;drv_botones_cb
<LI><a href="#[60]">&gt;&gt;</a>&nbsp;&nbsp;&nbsp;drv_botones_iniciar
</UL>

<P><STRONG><a name="[6c]"></a>hal_ext_int_iniciar</STRONG> (ARM, 196 bytes, Stack size 0 bytes, hal_ext_int_lpc.o(i.hal_ext_int_iniciar))
<BR><BR>[Called By]<UL><LI><a href="#[60]">&gt;&gt;</a>&nbsp;&nbsp;&nbsp;drv_botones_iniciar
</UL>

<P><STRONG><a name="[71]"></a>hal_gpio_escribir</STRONG> (ARM, 32 bytes, Stack size 0 bytes, hal_gpio_lpc.o(i.hal_gpio_escribir))
<BR><BR>[Called By]<UL><LI><a href="#[72]">&gt;&gt;</a>&nbsp;&nbsp;&nbsp;drv_monitor_marcar
<LI><a href="#[59]">&gt;&gt;</a>&nbsp;&nbsp;&nbsp;drv_led_establecer
<LI><a href="#[5f]">&gt;&gt;</a>&nbsp;&nbsp;&nbsp;drv_leds_iniciar
</UL>

<P><STRONG><a name="[6a]"></a>hal_gpio_iniciar</STRONG> (ARM, 132 bytes, Stack size 16 bytes, hal_gpio_lpc.o(i.hal_gpio_iniciar))
<BR><BR>[Stack]<UL><LI>Max Depth = 16<LI>Call Chain = hal_gpio_iniciar
</UL>
<BR>[Called By]<UL><LI><a href="#[60]">&gt;&gt;</a>&nbsp;&nbsp;&nbsp;drv_botones_iniciar
<LI><a href="#[d]">&gt;&gt;</a>&nbsp;&nbsp;&nbsp;main
</UL>

<P><STRONG><a name="[67]"></a>hal_gpio_leer</STRONG> (ARM, 32 bytes, Stack size 0 bytes, hal_gpio_lpc.o(i.hal_gpio_leer))
<BR><BR>[Called By]<UL><LI><a href="#[66]">&gt;&gt;</a>&nbsp;&nbsp;&nbsp;drv_boton_esta_pulsado
<LI><a href="#[12]">&gt;&gt;</a>&nbsp;&nbsp;&nbsp;drv_botones_cb
</UL>

<P><STRONG><a name="[6b]"></a>hal_gpio_sentido</STRONG> (ARM, 56 bytes, Stack size 0 bytes, hal_gpio_lpc.o(i.hal_gpio_sentido))
<BR><BR>[Called By]<UL><LI><a href="#[60]">&gt;&gt;</a>&nbsp;&nbsp;&nbsp;drv_botones_iniciar
<LI><a href="#[5f]">&gt;&gt;</a>&nbsp;&nbsp;&nbsp;drv_leds_iniciar
</UL>

<P><STRONG><a name="[81]"></a>hal_random</STRONG> (ARM, 72 bytes, Stack size 16 bytes, hal_random_lpc.o(i.hal_random))
<BR><BR>[Stack]<UL><LI>Max Depth = 16<LI>Call Chain = hal_random
</UL>
<BR>[Calls]<UL><LI><a href="#[83]">&gt;&gt;</a>&nbsp;&nbsp;&nbsp;hal_sc_salir
<LI><a href="#[82]">&gt;&gt;</a>&nbsp;&nbsp;&nbsp;hal_sc_entrar
</UL>
<BR>[Called By]<UL><LI><a href="#[63]">&gt;&gt;</a>&nbsp;&nbsp;&nbsp;reiniciar_juego
<LI><a href="#[84]">&gt;&gt;</a>&nbsp;&nbsp;&nbsp;procesar_estado_wait_for_input
</UL>

<P><STRONG><a name="[62]"></a>hal_random_iniciar</STRONG> (ARM, 80 bytes, Stack size 0 bytes, hal_random_lpc.o(i.hal_random_iniciar))
<BR><BR>[Called By]<UL><LI><a href="#[5c]">&gt;&gt;</a>&nbsp;&nbsp;&nbsp;beat_hero_extend_iniciar
</UL>

<P><STRONG><a name="[82]"></a>hal_sc_entrar</STRONG> (ARM, 32 bytes, Stack size 0 bytes, hal_sc_lpc_1.o(i.hal_sc_entrar))
<BR><BR>[Called By]<UL><LI><a href="#[81]">&gt;&gt;</a>&nbsp;&nbsp;&nbsp;hal_random
</UL>

<P><STRONG><a name="[83]"></a>hal_sc_salir</STRONG> (ARM, 48 bytes, Stack size 0 bytes, hal_sc_lpc_1.o(i.hal_sc_salir))
<BR><BR>[Called By]<UL><LI><a href="#[81]">&gt;&gt;</a>&nbsp;&nbsp;&nbsp;hal_random
</UL>

<P><STRONG><a name="[73]"></a>hal_tiempo_actual_tick64</STRONG> (ARM, 64 bytes, Stack size 0 bytes, hal_tiempo_lpc.o(i.hal_tiempo_actual_tick64))
<BR><BR>[Called By]<UL><LI><a href="#[75]">&gt;&gt;</a>&nbsp;&nbsp;&nbsp;drv_tiempo_actual_us
<LI><a href="#[61]">&gt;&gt;</a>&nbsp;&nbsp;&nbsp;drv_tiempo_actual_ms
</UL>

<P><STRONG><a name="[77]"></a>hal_tiempo_iniciar_tick</STRONG> (ARM, 152 bytes, Stack size 4 bytes, hal_tiempo_lpc.o(i.hal_tiempo_iniciar_tick))
<BR><BR>[Stack]<UL><LI>Max Depth = 4<LI>Call Chain = hal_tiempo_iniciar_tick
</UL>
<BR>[Called By]<UL><LI><a href="#[76]">&gt;&gt;</a>&nbsp;&nbsp;&nbsp;drv_tiempo_iniciar
</UL>

<P><STRONG><a name="[79]"></a>hal_tiempo_reloj_periodico_tick</STRONG> (ARM, 148 bytes, Stack size 4 bytes, hal_tiempo_lpc.o(i.hal_tiempo_reloj_periodico_tick))
<BR><BR>[Stack]<UL><LI>Max Depth = 4<LI>Call Chain = hal_tiempo_reloj_periodico_tick
</UL>
<BR>[Called By]<UL><LI><a href="#[78]">&gt;&gt;</a>&nbsp;&nbsp;&nbsp;drv_tiempo_periodico_ms
</UL>

<P><STRONG><a name="[7b]"></a>hal_uart_init</STRONG> (ARM, 128 bytes, Stack size 0 bytes, hal_uart_lpc.o(i.hal_uart_init))
<BR><BR>[Called By]<UL><LI><a href="#[7a]">&gt;&gt;</a>&nbsp;&nbsp;&nbsp;drv_uart_init
</UL>

<P><STRONG><a name="[7c]"></a>hal_uart_sendchar</STRONG> (ARM, 60 bytes, Stack size 0 bytes, hal_uart_lpc.o(i.hal_uart_sendchar))
<BR><BR>[Called By]<UL><LI><a href="#[5d]">&gt;&gt;</a>&nbsp;&nbsp;&nbsp;drv_uart_send
</UL>

<P><STRONG><a name="[7e]"></a>hal_wdt_alimentar</STRONG> (ARM, 48 bytes, Stack size 0 bytes, hal_wdt_lpc.o(i.hal_wdt_alimentar))
<BR><BR>[Called By]<UL><LI><a href="#[7d]">&gt;&gt;</a>&nbsp;&nbsp;&nbsp;drv_wdt_alimentar
</UL>

<P><STRONG><a name="[80]"></a>hal_wdt_iniciar</STRONG> (ARM, 100 bytes, Stack size 8 bytes, hal_wdt_lpc.o(i.hal_wdt_iniciar))
<BR><BR>[Stack]<UL><LI>Max Depth = 32<LI>Call Chain = hal_wdt_iniciar &rArr; __aeabi_uldivmod
</UL>
<BR>[Calls]<UL><LI><a href="#[74]">&gt;&gt;</a>&nbsp;&nbsp;&nbsp;__aeabi_uldivmod
</UL>
<BR>[Called By]<UL><LI><a href="#[7f]">&gt;&gt;</a>&nbsp;&nbsp;&nbsp;drv_wdt_iniciar
</UL>

<P><STRONG><a name="[d]"></a>main</STRONG> (ARM, 84 bytes, Stack size 0 bytes, main.o(i.main))
<BR><BR>[Stack]<UL><LI>Max Depth = 152 + Unknown Stack Size
<LI>Call Chain = main &rArr; beat_hero_extend_iniciar &rArr; reiniciar_juego &rArr; __2sprintf &rArr; _printf_char_common &rArr; __printf
</UL>
<BR>[Calls]<UL><LI><a href="#[89]">&gt;&gt;</a>&nbsp;&nbsp;&nbsp;svc_logs_iniciar
<LI><a href="#[6a]">&gt;&gt;</a>&nbsp;&nbsp;&nbsp;hal_gpio_iniciar
<LI><a href="#[7f]">&gt;&gt;</a>&nbsp;&nbsp;&nbsp;drv_wdt_iniciar
<LI><a href="#[5d]">&gt;&gt;</a>&nbsp;&nbsp;&nbsp;drv_uart_send
<LI><a href="#[7a]">&gt;&gt;</a>&nbsp;&nbsp;&nbsp;drv_uart_init
<LI><a href="#[76]">&gt;&gt;</a>&nbsp;&nbsp;&nbsp;drv_tiempo_iniciar
<LI><a href="#[5f]">&gt;&gt;</a>&nbsp;&nbsp;&nbsp;drv_leds_iniciar
<LI><a href="#[6f]">&gt;&gt;</a>&nbsp;&nbsp;&nbsp;drv_consumo_esperar
<LI><a href="#[5c]">&gt;&gt;</a>&nbsp;&nbsp;&nbsp;beat_hero_extend_iniciar
</UL>
<BR>[Address Reference Count : 1]<UL><LI> __rtentry2.o(.ARM.Collect$$rtentry$$0000000D)
</UL>
<P><STRONG><a name="[18]"></a>rt_FIFO_encolar</STRONG> (ARM, 140 bytes, Stack size 16 bytes, rt_fifo.o(i.rt_FIFO_encolar))
<BR><BR>[Stack]<UL><LI>Max Depth = 48<LI>Call Chain = rt_FIFO_encolar &rArr; drv_tiempo_actual_us &rArr; __aeabi_uldivmod
</UL>
<BR>[Calls]<UL><LI><a href="#[72]">&gt;&gt;</a>&nbsp;&nbsp;&nbsp;drv_monitor_marcar
<LI><a href="#[6d]">&gt;&gt;</a>&nbsp;&nbsp;&nbsp;drv_consumo_dormir
<LI><a href="#[75]">&gt;&gt;</a>&nbsp;&nbsp;&nbsp;drv_tiempo_actual_us
</UL>
<BR>[Called By]<UL><LI><a href="#[1a]">&gt;&gt;</a>&nbsp;&nbsp;&nbsp;tick_handler
<LI><a href="#[11]">&gt;&gt;</a>&nbsp;&nbsp;&nbsp;drv_botones_callback
</UL>
<BR>[Address Reference Count : 1]<UL><LI> rt_ge.o(i.rt_GE_iniciar)
</UL>
<P><STRONG><a name="[8c]"></a>rt_FIFO_extraer</STRONG> (ARM, 108 bytes, Stack size 12 bytes, rt_fifo.o(i.rt_FIFO_extraer))
<BR><BR>[Stack]<UL><LI>Max Depth = 12<LI>Call Chain = rt_FIFO_extraer
</UL>
<BR>[Called By]<UL><LI><a href="#[65]">&gt;&gt;</a>&nbsp;&nbsp;&nbsp;rt_GE_lanzador
</UL>

<P><STRONG><a name="[8a]"></a>rt_FIFO_inicializar</STRONG> (ARM, 56 bytes, Stack size 0 bytes, rt_fifo.o(i.rt_FIFO_inicializar))
<BR><BR>[Called By]<UL><LI><a href="#[5e]">&gt;&gt;</a>&nbsp;&nbsp;&nbsp;rt_GE_iniciar
</UL>

<P><STRONG><a name="[19]"></a>rt_GE_actualizar</STRONG> (ARM, 56 bytes, Stack size 8 bytes, rt_ge.o(i.rt_GE_actualizar))
<BR><BR>[Stack]<UL><LI>Max Depth = 72<LI>Call Chain = rt_GE_actualizar &rArr; svc_alarma_activar &rArr; drv_tiempo_actual_ms &rArr; __aeabi_uldivmod
</UL>
<BR>[Calls]<UL><LI><a href="#[6e]">&gt;&gt;</a>&nbsp;&nbsp;&nbsp;hal_consumo_dormir
<LI><a href="#[5a]">&gt;&gt;</a>&nbsp;&nbsp;&nbsp;svc_alarma_codificar
<LI><a href="#[5b]">&gt;&gt;</a>&nbsp;&nbsp;&nbsp;svc_alarma_activar
</UL>
<BR>[Address Reference Count : 1]<UL><LI> rt_ge.o(i.rt_GE_iniciar)
</UL>
<P><STRONG><a name="[5e]"></a>rt_GE_iniciar</STRONG> (ARM, 76 bytes, Stack size 8 bytes, rt_ge.o(i.rt_GE_iniciar))
<BR><BR>[Stack]<UL><LI>Max Depth = 56<LI>Call Chain = rt_GE_iniciar &rArr; svc_GE_suscribir &rArr; drv_led_establecer
</UL>
<BR>[Calls]<UL><LI><a href="#[8b]">&gt;&gt;</a>&nbsp;&nbsp;&nbsp;svc_alarma_iniciar
<LI><a href="#[64]">&gt;&gt;</a>&nbsp;&nbsp;&nbsp;svc_GE_suscribir
<LI><a href="#[8a]">&gt;&gt;</a>&nbsp;&nbsp;&nbsp;rt_FIFO_inicializar
</UL>
<BR>[Called By]<UL><LI><a href="#[5c]">&gt;&gt;</a>&nbsp;&nbsp;&nbsp;beat_hero_extend_iniciar
</UL>

<P><STRONG><a name="[65]"></a>rt_GE_lanzador</STRONG> (ARM, 212 bytes, Stack size 24 bytes, rt_ge.o(i.rt_GE_lanzador))
<BR><BR>[Stack]<UL><LI>Max Depth = 88<LI>Call Chain = rt_GE_lanzador &rArr; svc_alarma_actualizar &rArr; drv_tiempo_actual_ms &rArr; __aeabi_uldivmod
</UL>
<BR>[Calls]<UL><LI><a href="#[8d]">&gt;&gt;</a>&nbsp;&nbsp;&nbsp;svc_alarma_actualizar
<LI><a href="#[6e]">&gt;&gt;</a>&nbsp;&nbsp;&nbsp;hal_consumo_dormir
<LI><a href="#[7d]">&gt;&gt;</a>&nbsp;&nbsp;&nbsp;drv_wdt_alimentar
<LI><a href="#[5a]">&gt;&gt;</a>&nbsp;&nbsp;&nbsp;svc_alarma_codificar
<LI><a href="#[5b]">&gt;&gt;</a>&nbsp;&nbsp;&nbsp;svc_alarma_activar
<LI><a href="#[8c]">&gt;&gt;</a>&nbsp;&nbsp;&nbsp;rt_FIFO_extraer
<LI><a href="#[6f]">&gt;&gt;</a>&nbsp;&nbsp;&nbsp;drv_consumo_esperar
</UL>
<BR>[Called By]<UL><LI><a href="#[5c]">&gt;&gt;</a>&nbsp;&nbsp;&nbsp;beat_hero_extend_iniciar
</UL>

<P><STRONG><a name="[64]"></a>svc_GE_suscribir</STRONG> (ARM, 344 bytes, Stack size 40 bytes, svc_ge.o(i.svc_GE_suscribir))
<BR><BR>[Stack]<UL><LI>Max Depth = 48<LI>Call Chain = svc_GE_suscribir &rArr; drv_led_establecer
</UL>
<BR>[Calls]<UL><LI><a href="#[59]">&gt;&gt;</a>&nbsp;&nbsp;&nbsp;drv_led_establecer
</UL>
<BR>[Called By]<UL><LI><a href="#[5e]">&gt;&gt;</a>&nbsp;&nbsp;&nbsp;rt_GE_iniciar
<LI><a href="#[60]">&gt;&gt;</a>&nbsp;&nbsp;&nbsp;drv_botones_iniciar
<LI><a href="#[5c]">&gt;&gt;</a>&nbsp;&nbsp;&nbsp;beat_hero_extend_iniciar
</UL>

<P><STRONG><a name="[5b]"></a>svc_alarma_activar</STRONG> (ARM, 276 bytes, Stack size 32 bytes, svc_alarmas.o(i.svc_alarma_activar))
<BR><BR>[Stack]<UL><LI>Max Depth = 64<LI>Call Chain = svc_alarma_activar &rArr; drv_tiempo_actual_ms &rArr; __aeabi_uldivmod
</UL>
<BR>[Calls]<UL><LI><a href="#[8e]">&gt;&gt;</a>&nbsp;&nbsp;&nbsp;buscar_alarma
<LI><a href="#[61]">&gt;&gt;</a>&nbsp;&nbsp;&nbsp;drv_tiempo_actual_ms
</UL>
<BR>[Called By]<UL><LI><a href="#[84]">&gt;&gt;</a>&nbsp;&nbsp;&nbsp;procesar_estado_wait_for_input
<LI><a href="#[10]">&gt;&gt;</a>&nbsp;&nbsp;&nbsp;juego_fsm
<LI><a href="#[58]">&gt;&gt;</a>&nbsp;&nbsp;&nbsp;avanzar_secuencia_fin
<LI><a href="#[19]">&gt;&gt;</a>&nbsp;&nbsp;&nbsp;rt_GE_actualizar
<LI><a href="#[12]">&gt;&gt;</a>&nbsp;&nbsp;&nbsp;drv_botones_cb
<LI><a href="#[65]">&gt;&gt;</a>&nbsp;&nbsp;&nbsp;rt_GE_lanzador
<LI><a href="#[5c]">&gt;&gt;</a>&nbsp;&nbsp;&nbsp;beat_hero_extend_iniciar
</UL>

<P><STRONG><a name="[8d]"></a>svc_alarma_actualizar</STRONG> (ARM, 148 bytes, Stack size 32 bytes, svc_alarmas.o(i.svc_alarma_actualizar))
<BR><BR>[Stack]<UL><LI>Max Depth = 64<LI>Call Chain = svc_alarma_actualizar &rArr; drv_tiempo_actual_ms &rArr; __aeabi_uldivmod
</UL>
<BR>[Calls]<UL><LI><a href="#[61]">&gt;&gt;</a>&nbsp;&nbsp;&nbsp;drv_tiempo_actual_ms
</UL>
<BR>[Called By]<UL><LI><a href="#[65]">&gt;&gt;</a>&nbsp;&nbsp;&nbsp;rt_GE_lanzador
</UL>

<P><STRONG><a name="[5a]"></a>svc_alarma_codificar</STRONG> (ARM, 16 bytes, Stack size 0 bytes, svc_alarmas.o(i.svc_alarma_codificar))
<BR><BR>[Called By]<UL><LI><a href="#[84]">&gt;&gt;</a>&nbsp;&nbsp;&nbsp;procesar_estado_wait_for_input
<LI><a href="#[10]">&gt;&gt;</a>&nbsp;&nbsp;&nbsp;juego_fsm
<LI><a href="#[58]">&gt;&gt;</a>&nbsp;&nbsp;&nbsp;avanzar_secuencia_fin
<LI><a href="#[19]">&gt;&gt;</a>&nbsp;&nbsp;&nbsp;rt_GE_actualizar
<LI><a href="#[12]">&gt;&gt;</a>&nbsp;&nbsp;&nbsp;drv_botones_cb
<LI><a href="#[65]">&gt;&gt;</a>&nbsp;&nbsp;&nbsp;rt_GE_lanzador
<LI><a href="#[5c]">&gt;&gt;</a>&nbsp;&nbsp;&nbsp;beat_hero_extend_iniciar
</UL>

<P><STRONG><a name="[8b]"></a>svc_alarma_iniciar</STRONG> (ARM, 112 bytes, Stack size 24 bytes, svc_alarmas.o(i.svc_alarma_iniciar))
<BR><BR>[Stack]<UL><LI>Max Depth = 28<LI>Call Chain = svc_alarma_iniciar &rArr; drv_tiempo_periodico_ms &rArr; hal_tiempo_reloj_periodico_tick
</UL>
<BR>[Calls]<UL><LI><a href="#[78]">&gt;&gt;</a>&nbsp;&nbsp;&nbsp;drv_tiempo_periodico_ms
</UL>
<BR>[Called By]<UL><LI><a href="#[5e]">&gt;&gt;</a>&nbsp;&nbsp;&nbsp;rt_GE_iniciar
</UL>

<P><STRONG><a name="[89]"></a>svc_logs_iniciar</STRONG> (ARM, 4 bytes, Stack size 0 bytes, svc_logs.o(i.svc_logs_iniciar))
<BR><BR>[Calls]<UL><LI><a href="#[7a]">&gt;&gt;</a>&nbsp;&nbsp;&nbsp;drv_uart_init
</UL>
<BR>[Called By]<UL><LI><a href="#[d]">&gt;&gt;</a>&nbsp;&nbsp;&nbsp;main
</UL>

<P><STRONG><a name="[29]"></a>_get_lc_numeric</STRONG> (ARM, 80 bytes, Stack size 8 bytes, lc_numeric_c.o(locale$$code))
<BR><BR>[Stack]<UL><LI>Max Depth = 12<LI>Call Chain = _get_lc_numeric &rArr; strcmp
</UL>
<BR>[Calls]<UL><LI><a href="#[8f]">&gt;&gt;</a>&nbsp;&nbsp;&nbsp;strcmp
</UL>
<BR>[Called By]<UL><LI><a href="#[28]">&gt;&gt;</a>&nbsp;&nbsp;&nbsp;__rt_lib_init_lc_numeric_2 (via Veneer)
</UL>

<P><STRONG><a name="[92]"></a>__fpl_dretinf</STRONG> (ARM, 16 bytes, Stack size 0 bytes, dretinf.o(x$fpl$dretinf), UNUSED)
<BR><BR>[Called By]<UL><LI><a href="#[90]">&gt;&gt;</a>&nbsp;&nbsp;&nbsp;_f2d
</UL>

<P><STRONG><a name="[88]"></a>__aeabi_f2d</STRONG> (ARM, 0 bytes, Stack size 16 bytes, f2d.o(x$fpl$f2d))
<BR><BR>[Stack]<UL><LI>Max Depth = 16<LI>Call Chain = __aeabi_f2d
</UL>
<BR>[Called By]<UL><LI><a href="#[10]">&gt;&gt;</a>&nbsp;&nbsp;&nbsp;juego_fsm
</UL>

<P><STRONG><a name="[90]"></a>_f2d</STRONG> (ARM, 100 bytes, Stack size 16 bytes, f2d.o(x$fpl$f2d), UNUSED)
<BR><BR>[Calls]<UL><LI><a href="#[91]">&gt;&gt;</a>&nbsp;&nbsp;&nbsp;__fpl_fnaninf
<LI><a href="#[92]">&gt;&gt;</a>&nbsp;&nbsp;&nbsp;__fpl_dretinf
</UL>

<P><STRONG><a name="[86]"></a>__aeabi_fdiv</STRONG> (ARM, 0 bytes, Stack size 16 bytes, fdiv.o(x$fpl$fdiv))
<BR><BR>[Stack]<UL><LI>Max Depth = 16<LI>Call Chain = __aeabi_fdiv
</UL>
<BR>[Called By]<UL><LI><a href="#[10]">&gt;&gt;</a>&nbsp;&nbsp;&nbsp;juego_fsm
</UL>

<P><STRONG><a name="[93]"></a>_fdiv</STRONG> (ARM, 396 bytes, Stack size 16 bytes, fdiv.o(x$fpl$fdiv), UNUSED)
<BR><BR>[Calls]<UL><LI><a href="#[94]">&gt;&gt;</a>&nbsp;&nbsp;&nbsp;__fpl_fretinf
<LI><a href="#[91]">&gt;&gt;</a>&nbsp;&nbsp;&nbsp;__fpl_fnaninf
</UL>

<P><STRONG><a name="[c8]"></a>__aeabi_i2f</STRONG> (ARM, 0 bytes, Stack size 0 bytes, fflt_noclz.o(x$fpl$fflt), UNUSED)

<P><STRONG><a name="[c9]"></a>_fflt</STRONG> (ARM, 92 bytes, Stack size 0 bytes, fflt_noclz.o(x$fpl$fflt), UNUSED)

<P><STRONG><a name="[96]"></a>__fflt_normalise</STRONG> (ARM, 0 bytes, Stack size unknown bytes, fflt_noclz.o(x$fpl$fflt), UNUSED)
<BR><BR>[Called By]<UL><LI><a href="#[95]">&gt;&gt;</a>&nbsp;&nbsp;&nbsp;_ffltu
</UL>

<P><STRONG><a name="[85]"></a>__aeabi_ui2f</STRONG> (ARM, 0 bytes, Stack size 0 bytes, fflt_noclz.o(x$fpl$ffltu))
<BR><BR>[Called By]<UL><LI><a href="#[10]">&gt;&gt;</a>&nbsp;&nbsp;&nbsp;juego_fsm
</UL>

<P><STRONG><a name="[95]"></a>_ffltu</STRONG> (ARM, 8 bytes, Stack size 0 bytes, fflt_noclz.o(x$fpl$ffltu), UNUSED)
<BR><BR>[Calls]<UL><LI><a href="#[96]">&gt;&gt;</a>&nbsp;&nbsp;&nbsp;__fflt_normalise
</UL>

<P><STRONG><a name="[87]"></a>__aeabi_fmul</STRONG> (ARM, 0 bytes, Stack size 16 bytes, fmul.o(x$fpl$fmul))
<BR><BR>[Stack]<UL><LI>Max Depth = 16<LI>Call Chain = __aeabi_fmul
</UL>
<BR>[Called By]<UL><LI><a href="#[10]">&gt;&gt;</a>&nbsp;&nbsp;&nbsp;juego_fsm
</UL>

<P><STRONG><a name="[97]"></a>_fmul</STRONG> (ARM, 256 bytes, Stack size 16 bytes, fmul.o(x$fpl$fmul), UNUSED)
<BR><BR>[Calls]<UL><LI><a href="#[94]">&gt;&gt;</a>&nbsp;&nbsp;&nbsp;__fpl_fretinf
<LI><a href="#[91]">&gt;&gt;</a>&nbsp;&nbsp;&nbsp;__fpl_fnaninf
</UL>

<P><STRONG><a name="[91]"></a>__fpl_fnaninf</STRONG> (ARM, 168 bytes, Stack size 8 bytes, fnaninf.o(x$fpl$fnaninf), UNUSED)
<BR><BR>[Called By]<UL><LI><a href="#[97]">&gt;&gt;</a>&nbsp;&nbsp;&nbsp;_fmul
<LI><a href="#[93]">&gt;&gt;</a>&nbsp;&nbsp;&nbsp;_fdiv
<LI><a href="#[90]">&gt;&gt;</a>&nbsp;&nbsp;&nbsp;_f2d
</UL>

<P><STRONG><a name="[94]"></a>__fpl_fretinf</STRONG> (ARM, 16 bytes, Stack size 0 bytes, fretinf.o(x$fpl$fretinf), UNUSED)
<BR><BR>[Called By]<UL><LI><a href="#[97]">&gt;&gt;</a>&nbsp;&nbsp;&nbsp;_fmul
<LI><a href="#[93]">&gt;&gt;</a>&nbsp;&nbsp;&nbsp;_fdiv
</UL>

<P><STRONG><a name="[2]"></a>__ieee_status</STRONG> (ARM, 8 bytes, Stack size 0 bytes, istatus.o(x$fpl$ieeestatus))
<BR><BR>[Called By]<UL><LI><a href="#[42]">&gt;&gt;</a>&nbsp;&nbsp;&nbsp;_fp_digits (via Veneer)
</UL>

<P><STRONG><a name="[21]"></a>_printf_fp_dec</STRONG> (ARM, 4 bytes, Stack size 0 bytes, printf1.o(x$fpl$printf1))
<BR><BR>[Stack]<UL><LI>Max Depth = 316<LI>Call Chain = _printf_fp_dec &rArr; _printf_fp_dec_real &rArr; _fp_digits &rArr; _btod_etento &rArr; _btod_emul &rArr; _e2e
</UL>
<BR>[Calls]<UL><LI><a href="#[48]">&gt;&gt;</a>&nbsp;&nbsp;&nbsp;_printf_fp_dec_real (via Veneer)
</UL>
<BR>[Called By]<UL><LI><a href="#[20]">&gt;&gt;</a>&nbsp;&nbsp;&nbsp;_printf_f
</UL>
<P>
<H3>
Local Symbols
</H3>
<P><STRONG><a name="[12]"></a>drv_botones_cb</STRONG> (ARM, 220 bytes, Stack size 16 bytes, drv_botones.o(i.drv_botones_cb))
<BR><BR>[Stack]<UL><LI>Max Depth = 80<LI>Call Chain = drv_botones_cb &rArr; svc_alarma_activar &rArr; drv_tiempo_actual_ms &rArr; __aeabi_uldivmod
</UL>
<BR>[Calls]<UL><LI><a href="#[69]">&gt;&gt;</a>&nbsp;&nbsp;&nbsp;hal_ext_int_habilitar
<LI><a href="#[5a]">&gt;&gt;</a>&nbsp;&nbsp;&nbsp;svc_alarma_codificar
<LI><a href="#[5b]">&gt;&gt;</a>&nbsp;&nbsp;&nbsp;svc_alarma_activar
<LI><a href="#[67]">&gt;&gt;</a>&nbsp;&nbsp;&nbsp;hal_gpio_leer
</UL>
<BR>[Address Reference Count : 1]<UL><LI> drv_botones.o(i.drv_botones_iniciar)
</UL>
<P><STRONG><a name="[8e]"></a>buscar_alarma</STRONG> (ARM, 300 bytes, Stack size 0 bytes, svc_alarmas.o(i.buscar_alarma))
<BR><BR>[Called By]<UL><LI><a href="#[5b]">&gt;&gt;</a>&nbsp;&nbsp;&nbsp;svc_alarma_activar
</UL>

<P><STRONG><a name="[1a]"></a>tick_handler</STRONG> (ARM, 16 bytes, Stack size 0 bytes, svc_alarmas.o(i.tick_handler))
<BR><BR>[Stack]<UL><LI>Max Depth = 48<LI>Call Chain = tick_handler &rArr; rt_FIFO_encolar &rArr; drv_tiempo_actual_us &rArr; __aeabi_uldivmod
</UL>
<BR>[Calls]<UL><LI><a href="#[18]">&gt;&gt;</a>&nbsp;&nbsp;&nbsp;rt_FIFO_encolar
</UL>
<BR>[Address Reference Count : 1]<UL><LI> svc_alarmas.o(i.svc_alarma_iniciar)
</UL>
<P><STRONG><a name="[58]"></a>avanzar_secuencia_fin</STRONG> (ARM, 232 bytes, Stack size 16 bytes, beat_hero_extend.o(i.avanzar_secuencia_fin))
<BR><BR>[Stack]<UL><LI>Max Depth = 80<LI>Call Chain = avanzar_secuencia_fin &rArr; svc_alarma_activar &rArr; drv_tiempo_actual_ms &rArr; __aeabi_uldivmod
</UL>
<BR>[Calls]<UL><LI><a href="#[5a]">&gt;&gt;</a>&nbsp;&nbsp;&nbsp;svc_alarma_codificar
<LI><a href="#[5b]">&gt;&gt;</a>&nbsp;&nbsp;&nbsp;svc_alarma_activar
<LI><a href="#[59]">&gt;&gt;</a>&nbsp;&nbsp;&nbsp;drv_led_establecer
</UL>
<BR>[Called By]<UL><LI><a href="#[10]">&gt;&gt;</a>&nbsp;&nbsp;&nbsp;juego_fsm
</UL>

<P><STRONG><a name="[10]"></a>juego_fsm</STRONG> (ARM, 2308 bytes, Stack size 40 bytes, beat_hero_extend.o(i.juego_fsm))
<BR><BR>[Stack]<UL><LI>Max Depth = 192 + Unknown Stack Size
<LI>Call Chain = juego_fsm &rArr; procesar_estado_wait_for_input &rArr; __2sprintf &rArr; _printf_char_common &rArr; __printf
</UL>
<BR>[Calls]<UL><LI><a href="#[63]">&gt;&gt;</a>&nbsp;&nbsp;&nbsp;reiniciar_juego
<LI><a href="#[84]">&gt;&gt;</a>&nbsp;&nbsp;&nbsp;procesar_estado_wait_for_input
<LI><a href="#[58]">&gt;&gt;</a>&nbsp;&nbsp;&nbsp;avanzar_secuencia_fin
<LI><a href="#[66]">&gt;&gt;</a>&nbsp;&nbsp;&nbsp;drv_boton_esta_pulsado
<LI><a href="#[5a]">&gt;&gt;</a>&nbsp;&nbsp;&nbsp;svc_alarma_codificar
<LI><a href="#[5b]">&gt;&gt;</a>&nbsp;&nbsp;&nbsp;svc_alarma_activar
<LI><a href="#[6d]">&gt;&gt;</a>&nbsp;&nbsp;&nbsp;drv_consumo_dormir
<LI><a href="#[61]">&gt;&gt;</a>&nbsp;&nbsp;&nbsp;drv_tiempo_actual_ms
<LI><a href="#[59]">&gt;&gt;</a>&nbsp;&nbsp;&nbsp;drv_led_establecer
<LI><a href="#[5d]">&gt;&gt;</a>&nbsp;&nbsp;&nbsp;drv_uart_send
<LI><a href="#[87]">&gt;&gt;</a>&nbsp;&nbsp;&nbsp;__aeabi_fmul
<LI><a href="#[85]">&gt;&gt;</a>&nbsp;&nbsp;&nbsp;__aeabi_ui2f
<LI><a href="#[86]">&gt;&gt;</a>&nbsp;&nbsp;&nbsp;__aeabi_fdiv
<LI><a href="#[88]">&gt;&gt;</a>&nbsp;&nbsp;&nbsp;__aeabi_f2d
<LI><a href="#[34]">&gt;&gt;</a>&nbsp;&nbsp;&nbsp;__2sprintf (via Veneer)
</UL>
<BR>[Address Reference Count : 1]<UL><LI> beat_hero_extend.o(i.beat_hero_extend_iniciar)
</UL>
<P><STRONG><a name="[84]"></a>procesar_estado_wait_for_input</STRONG> (ARM, 1496 bytes, Stack size 24 bytes, beat_hero_extend.o(i.procesar_estado_wait_for_input))
<BR><BR>[Stack]<UL><LI>Max Depth = 152 + Unknown Stack Size
<LI>Call Chain = procesar_estado_wait_for_input &rArr; __2sprintf &rArr; _printf_char_common &rArr; __printf
</UL>
<BR>[Calls]<UL><LI><a href="#[81]">&gt;&gt;</a>&nbsp;&nbsp;&nbsp;hal_random
<LI><a href="#[5a]">&gt;&gt;</a>&nbsp;&nbsp;&nbsp;svc_alarma_codificar
<LI><a href="#[5b]">&gt;&gt;</a>&nbsp;&nbsp;&nbsp;svc_alarma_activar
<LI><a href="#[61]">&gt;&gt;</a>&nbsp;&nbsp;&nbsp;drv_tiempo_actual_ms
<LI><a href="#[59]">&gt;&gt;</a>&nbsp;&nbsp;&nbsp;drv_led_establecer
<LI><a href="#[5d]">&gt;&gt;</a>&nbsp;&nbsp;&nbsp;drv_uart_send
<LI><a href="#[34]">&gt;&gt;</a>&nbsp;&nbsp;&nbsp;__2sprintf (via Veneer)
</UL>
<BR>[Called By]<UL><LI><a href="#[10]">&gt;&gt;</a>&nbsp;&nbsp;&nbsp;juego_fsm
</UL>

<P><STRONG><a name="[63]"></a>reiniciar_juego</STRONG> (ARM, 316 bytes, Stack size 16 bytes, beat_hero_extend.o(i.reiniciar_juego))
<BR><BR>[Stack]<UL><LI>Max Depth = 144 + Unknown Stack Size
<LI>Call Chain = reiniciar_juego &rArr; __2sprintf &rArr; _printf_char_common &rArr; __printf
</UL>
<BR>[Calls]<UL><LI><a href="#[81]">&gt;&gt;</a>&nbsp;&nbsp;&nbsp;hal_random
<LI><a href="#[59]">&gt;&gt;</a>&nbsp;&nbsp;&nbsp;drv_led_establecer
<LI><a href="#[5d]">&gt;&gt;</a>&nbsp;&nbsp;&nbsp;drv_uart_send
<LI><a href="#[34]">&gt;&gt;</a>&nbsp;&nbsp;&nbsp;__2sprintf (via Veneer)
</UL>
<BR>[Called By]<UL><LI><a href="#[10]">&gt;&gt;</a>&nbsp;&nbsp;&nbsp;juego_fsm
<LI><a href="#[5c]">&gt;&gt;</a>&nbsp;&nbsp;&nbsp;beat_hero_extend_iniciar
</UL>

<P><STRONG><a name="[6]"></a>Undef_Handler</STRONG> (ARM, 4 bytes, Stack size unknown bytes, startup.o(RESET))
<BR><BR>[Calls]<UL><LI><a href="#[6]">&gt;&gt;</a>&nbsp;&nbsp;&nbsp;Undef_Handler
</UL>
<BR>[Called By]<UL><LI><a href="#[6]">&gt;&gt;</a>&nbsp;&nbsp;&nbsp;Undef_Handler
</UL>
<BR>[Address Reference Count : 1]<UL><LI> startup.o(RESET)
</UL>
<P><STRONG><a name="[7]"></a>SWI_Handler</STRONG> (ARM, 4 bytes, Stack size unknown bytes, startup.o(RESET))
<BR><BR>[Calls]<UL><LI><a href="#[7]">&gt;&gt;</a>&nbsp;&nbsp;&nbsp;SWI_Handler
</UL>
<BR>[Called By]<UL><LI><a href="#[7]">&gt;&gt;</a>&nbsp;&nbsp;&nbsp;SWI_Handler
</UL>
<BR>[Address Reference Count : 1]<UL><LI> startup.o(RESET)
</UL>
<P><STRONG><a name="[8]"></a>PAbt_Handler</STRONG> (ARM, 4 bytes, Stack size unknown bytes, startup.o(RESET))
<BR><BR>[Calls]<UL><LI><a href="#[8]">&gt;&gt;</a>&nbsp;&nbsp;&nbsp;PAbt_Handler
</UL>
<BR>[Called By]<UL><LI><a href="#[8]">&gt;&gt;</a>&nbsp;&nbsp;&nbsp;PAbt_Handler
</UL>
<BR>[Address Reference Count : 1]<UL><LI> startup.o(RESET)
</UL>
<P><STRONG><a name="[9]"></a>DAbt_Handler</STRONG> (ARM, 4 bytes, Stack size unknown bytes, startup.o(RESET))
<BR><BR>[Calls]<UL><LI><a href="#[9]">&gt;&gt;</a>&nbsp;&nbsp;&nbsp;DAbt_Handler
</UL>
<BR>[Called By]<UL><LI><a href="#[9]">&gt;&gt;</a>&nbsp;&nbsp;&nbsp;DAbt_Handler
</UL>
<BR>[Address Reference Count : 1]<UL><LI> startup.o(RESET)
</UL>
<P><STRONG><a name="[a]"></a>IRQ_Handler</STRONG> (ARM, 4 bytes, Stack size unknown bytes, startup.o(RESET))
<BR><BR>[Calls]<UL><LI><a href="#[a]">&gt;&gt;</a>&nbsp;&nbsp;&nbsp;IRQ_Handler
</UL>
<BR>[Called By]<UL><LI><a href="#[a]">&gt;&gt;</a>&nbsp;&nbsp;&nbsp;IRQ_Handler
</UL>
<BR>[Address Reference Count : 1]<UL><LI> startup.o(RESET)
</UL>
<P><STRONG><a name="[b]"></a>FIQ_Handler</STRONG> (ARM, 4 bytes, Stack size unknown bytes, startup.o(RESET))
<BR><BR>[Calls]<UL><LI><a href="#[b]">&gt;&gt;</a>&nbsp;&nbsp;&nbsp;FIQ_Handler
</UL>
<BR>[Called By]<UL><LI><a href="#[b]">&gt;&gt;</a>&nbsp;&nbsp;&nbsp;FIQ_Handler
</UL>
<BR>[Address Reference Count : 1]<UL><LI> startup.o(RESET)
</UL>
<P><STRONG><a name="[42]"></a>_fp_digits</STRONG> (Thumb, 414 bytes, Stack size 96 bytes, _printf_fp_dec.o(.text))
<BR><BR>[Stack]<UL><LI>Max Depth = 220<LI>Call Chain = _fp_digits &rArr; _btod_etento &rArr; _btod_emul &rArr; _e2e
</UL>
<BR>[Calls]<UL><LI><a href="#[2]">&gt;&gt;</a>&nbsp;&nbsp;&nbsp;__ieee_status (via Veneer)
<LI><a href="#[46]">&gt;&gt;</a>&nbsp;&nbsp;&nbsp;_btod_emul (via Veneer)
<LI><a href="#[45]">&gt;&gt;</a>&nbsp;&nbsp;&nbsp;_btod_ediv (via Veneer)
<LI><a href="#[44]">&gt;&gt;</a>&nbsp;&nbsp;&nbsp;_btod_d2e (via Veneer)
<LI><a href="#[43]">&gt;&gt;</a>&nbsp;&nbsp;&nbsp;_btod_etento
<LI><a href="#[47]">&gt;&gt;</a>&nbsp;&nbsp;&nbsp;_ll_udiv10 (via Veneer)
</UL>
<BR>[Called By]<UL><LI><a href="#[48]">&gt;&gt;</a>&nbsp;&nbsp;&nbsp;_printf_fp_dec_real
</UL>

<P><STRONG><a name="[f]"></a>_printf_input_char</STRONG> (Thumb, 10 bytes, Stack size 0 bytes, _printf_char_common.o(.text))
<BR>[Address Reference Count : 1]<UL><LI> _printf_char_common.o(.text)
</UL><P>
<H3>
Undefined Global Symbols
</H3>
<P><STRONG><a name="[51]"></a>_call_atexit_fns</STRONG> (ARM, 0 bytes, Stack size 0 bytes, UNDEFINED)
<BR><BR>[Called By]<UL><LI><a href="#[2f]">&gt;&gt;</a>&nbsp;&nbsp;&nbsp;exit
</UL>

<P><STRONG><a name="[4c]"></a>_printf_mbtowc</STRONG> (ARM, 0 bytes, Stack size 0 bytes, UNDEFINED)
<BR><BR>[Called By]<UL><LI><a href="#[4b]">&gt;&gt;</a>&nbsp;&nbsp;&nbsp;_printf_cs_common
</UL>

<P><STRONG><a name="[39]"></a>_printf_post_padding</STRONG> (ARM, 0 bytes, Stack size 0 bytes, UNDEFINED)
<BR><BR>[Called By]<UL><LI><a href="#[4a]">&gt;&gt;</a>&nbsp;&nbsp;&nbsp;_printf_fp_infnan
<LI><a href="#[48]">&gt;&gt;</a>&nbsp;&nbsp;&nbsp;_printf_fp_dec_real
<LI><a href="#[3d]">&gt;&gt;</a>&nbsp;&nbsp;&nbsp;_printf_int_common
<LI><a href="#[36]">&gt;&gt;</a>&nbsp;&nbsp;&nbsp;_printf_str
</UL>

<P><STRONG><a name="[37]"></a>_printf_pre_padding</STRONG> (ARM, 0 bytes, Stack size 0 bytes, UNDEFINED)
<BR><BR>[Called By]<UL><LI><a href="#[4a]">&gt;&gt;</a>&nbsp;&nbsp;&nbsp;_printf_fp_infnan
<LI><a href="#[48]">&gt;&gt;</a>&nbsp;&nbsp;&nbsp;_printf_fp_dec_real
<LI><a href="#[3d]">&gt;&gt;</a>&nbsp;&nbsp;&nbsp;_printf_int_common
<LI><a href="#[36]">&gt;&gt;</a>&nbsp;&nbsp;&nbsp;_printf_str
</UL>

<P><STRONG><a name="[3a]"></a>_printf_truncate_signed</STRONG> (ARM, 0 bytes, Stack size 0 bytes, UNDEFINED)
<BR><BR>[Called By]<UL><LI><a href="#[23]">&gt;&gt;</a>&nbsp;&nbsp;&nbsp;_printf_int_dec
</UL>

<P><STRONG><a name="[3b]"></a>_printf_truncate_unsigned</STRONG> (ARM, 0 bytes, Stack size 0 bytes, UNDEFINED)
<BR><BR>[Called By]<UL><LI><a href="#[23]">&gt;&gt;</a>&nbsp;&nbsp;&nbsp;_printf_int_dec
</UL>
<HR></body></html>
